Archive member included to satisfy reference by file (symbol)

c:/siliconlabs/simplicitystudio/v5/developer/toolchains/gnu_arm/10.3_2021.10/bin/../lib/gcc/arm-none-eabi/10.3.1/thumb/v8-m.main+fp/hard\libgcc.a(_aeabi_ldivmod.o)
                              ./gecko_sdk_4.1.4/platform/emlib/src/em_eusart.o (__aeabi_ldivmod)
c:/siliconlabs/simplicitystudio/v5/developer/toolchains/gnu_arm/10.3_2021.10/bin/../lib/gcc/arm-none-eabi/10.3.1/thumb/v8-m.main+fp/hard\libgcc.a(_aeabi_uldivmod.o)
                              ./gecko_sdk_4.1.4/platform/emlib/src/em_eusart.o (__aeabi_uldivmod)
c:/siliconlabs/simplicitystudio/v5/developer/toolchains/gnu_arm/10.3_2021.10/bin/../lib/gcc/arm-none-eabi/10.3.1/thumb/v8-m.main+fp/hard\libgcc.a(_udivmoddi4.o)
                              c:/siliconlabs/simplicitystudio/v5/developer/toolchains/gnu_arm/10.3_2021.10/bin/../lib/gcc/arm-none-eabi/10.3.1/thumb/v8-m.main+fp/hard\libgcc.a(_aeabi_ldivmod.o) (__udivmoddi4)
c:/siliconlabs/simplicitystudio/v5/developer/toolchains/gnu_arm/10.3_2021.10/bin/../lib/gcc/arm-none-eabi/10.3.1/thumb/v8-m.main+fp/hard\libgcc.a(_dvmd_tls.o)
                              c:/siliconlabs/simplicitystudio/v5/developer/toolchains/gnu_arm/10.3_2021.10/bin/../lib/gcc/arm-none-eabi/10.3.1/thumb/v8-m.main+fp/hard\libgcc.a(_aeabi_ldivmod.o) (__aeabi_ldiv0)
c:/siliconlabs/simplicitystudio/v5/developer/toolchains/gnu_arm/10.3_2021.10/bin/../lib/gcc/arm-none-eabi/10.3.1/../../../../arm-none-eabi/lib/thumb/v8-m.main+fp/hard\libc_nano.a(lib_a-exit.o)
                              c:/siliconlabs/simplicitystudio/v5/developer/toolchains/gnu_arm/10.3_2021.10/bin/../lib/gcc/arm-none-eabi/10.3.1/../../../../arm-none-eabi/lib/thumb/v8-m.main+fp/hard/crt0.o (exit)
c:/siliconlabs/simplicitystudio/v5/developer/toolchains/gnu_arm/10.3_2021.10/bin/../lib/gcc/arm-none-eabi/10.3.1/../../../../arm-none-eabi/lib/thumb/v8-m.main+fp/hard\libc_nano.a(lib_a-impure.o)
                              c:/siliconlabs/simplicitystudio/v5/developer/toolchains/gnu_arm/10.3_2021.10/bin/../lib/gcc/arm-none-eabi/10.3.1/../../../../arm-none-eabi/lib/thumb/v8-m.main+fp/hard\libc_nano.a(lib_a-exit.o) (_global_impure_ptr)
c:/siliconlabs/simplicitystudio/v5/developer/toolchains/gnu_arm/10.3_2021.10/bin/../lib/gcc/arm-none-eabi/10.3.1/../../../../arm-none-eabi/lib/thumb/v8-m.main+fp/hard\libc_nano.a(lib_a-init.o)
                              c:/siliconlabs/simplicitystudio/v5/developer/toolchains/gnu_arm/10.3_2021.10/bin/../lib/gcc/arm-none-eabi/10.3.1/../../../../arm-none-eabi/lib/thumb/v8-m.main+fp/hard/crt0.o (__libc_init_array)
c:/siliconlabs/simplicitystudio/v5/developer/toolchains/gnu_arm/10.3_2021.10/bin/../lib/gcc/arm-none-eabi/10.3.1/../../../../arm-none-eabi/lib/thumb/v8-m.main+fp/hard\libc_nano.a(lib_a-memset.o)
                              c:/siliconlabs/simplicitystudio/v5/developer/toolchains/gnu_arm/10.3_2021.10/bin/../lib/gcc/arm-none-eabi/10.3.1/../../../../arm-none-eabi/lib/thumb/v8-m.main+fp/hard/crt0.o (memset)
c:/siliconlabs/simplicitystudio/v5/developer/toolchains/gnu_arm/10.3_2021.10/bin/../lib/gcc/arm-none-eabi/10.3.1/../../../../arm-none-eabi/lib/thumb/v8-m.main+fp/hard\libc_nano.a(lib_a-printf.o)
                              ./ina228.o (printf)
c:/siliconlabs/simplicitystudio/v5/developer/toolchains/gnu_arm/10.3_2021.10/bin/../lib/gcc/arm-none-eabi/10.3.1/../../../../arm-none-eabi/lib/thumb/v8-m.main+fp/hard\libc_nano.a(lib_a-setvbuf.o)
                              ./ina228.o (setvbuf)
c:/siliconlabs/simplicitystudio/v5/developer/toolchains/gnu_arm/10.3_2021.10/bin/../lib/gcc/arm-none-eabi/10.3.1/../../../../arm-none-eabi/lib/thumb/v8-m.main+fp/hard\libc_nano.a(lib_a-strcmp.o)
                              ./autogen/sl_iostream_handles.o (strcmp)
c:/siliconlabs/simplicitystudio/v5/developer/toolchains/gnu_arm/10.3_2021.10/bin/../lib/gcc/arm-none-eabi/10.3.1/../../../../arm-none-eabi/lib/thumb/v8-m.main+fp/hard\libc_nano.a(lib_a-vprintf.o)
                              ./gecko_sdk_4.1.4/platform/service/iostream/src/sl_iostream.o (vprintf)
c:/siliconlabs/simplicitystudio/v5/developer/toolchains/gnu_arm/10.3_2021.10/bin/../lib/gcc/arm-none-eabi/10.3.1/../../../../arm-none-eabi/lib/thumb/v8-m.main+fp/hard\libc_nano.a(lib_a-fflush.o)
                              c:/siliconlabs/simplicitystudio/v5/developer/toolchains/gnu_arm/10.3_2021.10/bin/../lib/gcc/arm-none-eabi/10.3.1/../../../../arm-none-eabi/lib/thumb/v8-m.main+fp/hard\libc_nano.a(lib_a-setvbuf.o) (_fflush_r)
c:/siliconlabs/simplicitystudio/v5/developer/toolchains/gnu_arm/10.3_2021.10/bin/../lib/gcc/arm-none-eabi/10.3.1/../../../../arm-none-eabi/lib/thumb/v8-m.main+fp/hard\libc_nano.a(lib_a-findfp.o)
                              c:/siliconlabs/simplicitystudio/v5/developer/toolchains/gnu_arm/10.3_2021.10/bin/../lib/gcc/arm-none-eabi/10.3.1/../../../../arm-none-eabi/lib/thumb/v8-m.main+fp/hard\libc_nano.a(lib_a-printf.o) (__sinit)
[...]
Memory Configuration

Name             Origin             Length             Attributes
FLASH            0x00000000         0x0007e000         xr
RAM              0x20000000         0x00008000         xrw
*default*        0x00000000         0xffffffff

Linker script and memory map

LOAD c:/siliconlabs/simplicitystudio/v5/developer/toolchains/gnu_arm/10.3_2021.10/bin/../lib/gcc/arm-none-eabi/10.3.1/thumb/v8-m.main+fp/hard/crti.o
LOAD c:/siliconlabs/simplicitystudio/v5/developer/toolchains/gnu_arm/10.3_2021.10/bin/../lib/gcc/arm-none-eabi/10.3.1/thumb/v8-m.main+fp/hard/crtbegin.o
LOAD c:/siliconlabs/simplicitystudio/v5/developer/toolchains/gnu_arm/10.3_2021.10/bin/../lib/gcc/arm-none-eabi/10.3.1/../../../../arm-none-eabi/lib/thumb/v8-m.main+fp/hard/crt0.o
START GROUP
LOAD ./app.o
LOAD ./ina228.o
LOAD ./main.o
LOAD ./autogen/sl_board_default_init.o
LOAD ./autogen/sl_device_init_clocks.o
LOAD ./autogen/sl_event_handler.o
LOAD ./autogen/sl_i2cspm_init.o
LOAD ./autogen/sl_iostream_handles.o
LOAD ./autogen/sl_iostream_init_eusart_instances.o
LOAD ./gecko_sdk_4.1.4/hardware/board/src/sl_board_control_gpio.o
LOAD ./gecko_sdk_4.1.4/hardware/board/src/sl_board_init.o
LOAD ./gecko_sdk_4.1.4/hardware/driver/mx25_flash_shutdown/src/sl_mx25_flash_shutdown_usart/sl_mx25_flash_shutdown.o
LOAD ./gecko_sdk_4.1.4/platform/Device/SiliconLabs/EFM32PG22/Source/startup_efm32pg22.o
LOAD ./gecko_sdk_4.1.4/platform/Device/SiliconLabs/EFM32PG22/Source/system_efm32pg22.o
LOAD ./gecko_sdk_4.1.4/platform/common/src/sl_assert.o
LOAD ./gecko_sdk_4.1.4/platform/common/src/sl_slist.o
LOAD ./gecko_sdk_4.1.4/platform/common/toolchain/src/sl_memory.o
LOAD ./gecko_sdk_4.1.4/platform/driver/i2cspm/src/sl_i2cspm.o
LOAD ./gecko_sdk_4.1.4/platform/emlib/src/em_cmu.o
LOAD ./gecko_sdk_4.1.4/platform/emlib/src/em_core.o
LOAD ./gecko_sdk_4.1.4/platform/emlib/src/em_emu.o
LOAD ./gecko_sdk_4.1.4/platform/emlib/src/em_eusart.o
LOAD ./gecko_sdk_4.1.4/platform/emlib/src/em_gpio.o
LOAD ./gecko_sdk_4.1.4/platform/emlib/src/em_i2c.o
LOAD ./gecko_sdk_4.1.4/platform/emlib/src/em_msc.o
LOAD ./gecko_sdk_4.1.4/platform/emlib/src/em_system.o
LOAD ./gecko_sdk_4.1.4/platform/emlib/src/em_usart.o
LOAD ./gecko_sdk_4.1.4/platform/service/device_init/src/sl_device_init_dcdc_s2.o
LOAD ./gecko_sdk_4.1.4/platform/service/device_init/src/sl_device_init_emu_s2.o
LOAD ./gecko_sdk_4.1.4/platform/service/device_init/src/sl_device_init_hfxo_s2.o
LOAD ./gecko_sdk_4.1.4/platform/service/device_init/src/sl_device_init_lfxo_s2.o
LOAD ./gecko_sdk_4.1.4/platform/service/device_init/src/sl_device_init_nvic.o
LOAD ./gecko_sdk_4.1.4/platform/service/iostream/src/sl_iostream.o
LOAD ./gecko_sdk_4.1.4/platform/service/iostream/src/sl_iostream_eusart.o
LOAD ./gecko_sdk_4.1.4/platform/service/iostream/src/sl_iostream_retarget_stdio.o
LOAD ./gecko_sdk_4.1.4/platform/service/iostream/src/sl_iostream_stdlib_config.o
LOAD ./gecko_sdk_4.1.4/platform/service/iostream/src/sl_iostream_uart.o
LOAD ./gecko_sdk_4.1.4/platform/service/system/src/sl_system_init.o
LOAD ./gecko_sdk_4.1.4/platform/service/system/src/sl_system_process_action.o
LOAD ./gecko_sdk_4.1.4/platform/service/udelay/src/sl_udelay.o
LOAD ./gecko_sdk_4.1.4/platform/service/udelay/src/sl_udelay_armv6m_gcc.o
LOAD c:/siliconlabs/simplicitystudio/v5/developer/toolchains/gnu_arm/10.3_2021.10/bin/../lib/gcc/arm-none-eabi/10.3.1/thumb/v8-m.main+fp/hard\libgcc.a
LOAD c:/siliconlabs/simplicitystudio/v5/developer/toolchains/gnu_arm/10.3_2021.10/bin/../lib/gcc/arm-none-eabi/10.3.1/../../../../arm-none-eabi/lib/thumb/v8-m.main+fp/hard\libc_nano.a
LOAD c:/siliconlabs/simplicitystudio/v5/developer/toolchains/gnu_arm/10.3_2021.10/bin/../lib/gcc/arm-none-eabi/10.3.1/../../../../arm-none-eabi/lib/thumb/v8-m.main+fp/hard\libm.a
LOAD c:/siliconlabs/simplicitystudio/v5/developer/toolchains/gnu_arm/10.3_2021.10/bin/../lib/gcc/arm-none-eabi/10.3.1/../../../../arm-none-eabi/lib/thumb/v8-m.main+fp/hard\libnosys.a
END GROUP
START GROUP
LOAD c:/siliconlabs/simplicitystudio/v5/developer/toolchains/gnu_arm/10.3_2021.10/bin/../lib/gcc/arm-none-eabi/10.3.1/thumb/v8-m.main+fp/hard\libgcc.a
LOAD c:/siliconlabs/simplicitystudio/v5/developer/toolchains/gnu_arm/10.3_2021.10/bin/../lib/gcc/arm-none-eabi/10.3.1/../../../../arm-none-eabi/lib/thumb/v8-m.main+fp/hard\libc_nano.a
LOAD c:/siliconlabs/simplicitystudio/v5/developer/toolchains/gnu_arm/10.3_2021.10/bin/../lib/gcc/arm-none-eabi/10.3.1/../../../../arm-none-eabi/lib/thumb/v8-m.main+fp/hard\libnosys.a
END GROUP
START GROUP
LOAD c:/siliconlabs/simplicitystudio/v5/developer/toolchains/gnu_arm/10.3_2021.10/bin/../lib/gcc/arm-none-eabi/10.3.1/thumb/v8-m.main+fp/hard\libgcc.a
LOAD c:/siliconlabs/simplicitystudio/v5/developer/toolchains/gnu_arm/10.3_2021.10/bin/../lib/gcc/arm-none-eabi/10.3.1/../../../../arm-none-eabi/lib/thumb/v8-m.main+fp/hard\libg_nano.a
LOAD c:/siliconlabs/simplicitystudio/v5/developer/toolchains/gnu_arm/10.3_2021.10/bin/../lib/gcc/arm-none-eabi/10.3.1/../../../../arm-none-eabi/lib/thumb/v8-m.main+fp/hard\libc_nano.a
END GROUP
START GROUP
LOAD c:/siliconlabs/simplicitystudio/v5/developer/toolchains/gnu_arm/10.3_2021.10/bin/../lib/gcc/arm-none-eabi/10.3.1/thumb/v8-m.main+fp/hard\libgcc.a
LOAD c:/siliconlabs/simplicitystudio/v5/developer/toolchains/gnu_arm/10.3_2021.10/bin/../lib/gcc/arm-none-eabi/10.3.1/../../../../arm-none-eabi/lib/thumb/v8-m.main+fp/hard\libc_nano.a
END GROUP
LOAD c:/siliconlabs/simplicitystudio/v5/developer/toolchains/gnu_arm/10.3_2021.10/bin/../lib/gcc/arm-none-eabi/10.3.1/thumb/v8-m.main+fp/hard/crtend.o
LOAD c:/siliconlabs/simplicitystudio/v5/developer/toolchains/gnu_arm/10.3_2021.10/bin/../lib/gcc/arm-none-eabi/10.3.1/thumb/v8-m.main+fp/hard/crtn.o

.text           0x00000000     0x4b88
                0x00000000                linker_vectors_begin = .
 *(.vectors)
 .vectors       0x00000000      0x140 ./gecko_sdk_4.1.4/platform/Device/SiliconLabs/EFM32PG22/Source/startup_efm32pg22.o
                0x00000000                __Vectors
                0x00000140                linker_vectors_end = .
                0x00000140                __Vectors_End = .
                0x00000140                __Vectors_Size = (__Vectors_End - __Vectors)
                0x00000140                linker_code_begin = .
 *(.text*)
 .text          0x00000140       0x40 c:/siliconlabs/simplicitystudio/v5/developer/toolchains/gnu_arm/10.3_2021.10/bin/../lib/gcc/arm-none-eabi/10.3.1/thumb/v8-m.main+fp/hard/crtbegin.o
 .text          0x00000180       0x7c c:/siliconlabs/simplicitystudio/v5/developer/toolchains/gnu_arm/10.3_2021.10/bin/../lib/gcc/arm-none-eabi/10.3.1/../../../../arm-none-eabi/lib/thumb/v8-m.main+fp/hard/crt0.o
                0x00000180                _stack_init
                0x00000188                _start
                0x00000188                _mainCRTStartup
 .text.app_init
                0x000001fc        0x4 ./app.o
                0x000001fc                app_init
 .text.app_process_action
                0x00000200        0x4 ./app.o
                0x00000200                app_process_action
 .text.vcom_print_diag_suffix.part.0
                0x00000204       0xa4 ./ina228.o
 .text.ina228_read_reg16
                0x000002a8       0x54 ./ina228.o
                0x000002a8                ina228_read_reg16
 .text.ina228_write_reg16
                0x000002fc       0x48 ./ina228.o
                0x000002fc                ina228_write_reg16
 .text.ina228_read_reg24
                0x00000344       0x60 ./ina228.o
                0x00000344                ina228_read_reg24
 .text.ina228_init
                0x000003a4       0xf4 ./ina228.o
                0x000003a4                ina228_init
 .text.ina228_read_vbus_v
                0x00000498       0x30 ./ina228.o
                0x00000498                ina228_read_vbus_v
 .text.ina228_read_current_a
                0x000004c8       0x34 ./ina228.o
                0x000004c8                ina228_read_current_a
 .text.ina228_read_diag_alrt
                0x000004fc        0x8 ./ina228.o
                0x000004fc                ina228_read_diag_alrt
 .text.ina228_alert_set_shunt_overvolt_uv
                0x00000504       0x26 ./ina228.o
                0x00000504                ina228_alert_set_shunt_overvolt_uv
 *fill*         0x0000052a        0x2 
 .text.ina228_alert_set_shunt_overcurrent_ma
                0x0000052c       0x5c ./ina228.o
                0x0000052c                ina228_alert_set_shunt_overcurrent_ma
 .text.ina228_application_start
                0x00000588       0xf4 ./ina228.o
                0x00000588                ina228_application_start
 .text.ina228_application_poll
                0x0000067c       0xf4 ./ina228.o
                0x0000067c                ina228_application_poll
 .text.startup.main
                0x00000770       0x14 ./main.o
                0x00000770                main
 .text.sl_board_default_init
                0x00000784       0x18 ./autogen/sl_board_default_init.o
                0x00000784                sl_board_default_init
 .text.sl_device_init_clocks
                0x0000079c       0x46 ./autogen/sl_device_init_clocks.o
                0x0000079c                sl_device_init_clocks
 *fill*         0x000007e2        0x2 
 .text.sl_platform_init
                0x000007e4       0x60 ./autogen/sl_event_handler.o
                0x000007e4                sl_platform_init
 .text.sl_driver_init
                0x00000844        0x4 ./autogen/sl_event_handler.o
                0x00000844                sl_driver_init
 .text.sl_service_init
                0x00000848       0x12 ./autogen/sl_event_handler.o
                0x00000848                sl_service_init
 .text.sl_stack_init
                0x0000085a        0x2 ./autogen/sl_event_handler.o
                0x0000085a                sl_stack_init
 .text.sl_internal_app_init
                0x0000085c        0x2 ./autogen/sl_event_handler.o
                0x0000085c                sl_internal_app_init
 .text.sl_platform_process_action
                0x0000085e        0x2 ./autogen/sl_event_handler.o
                0x0000085e                sl_platform_process_action
 .text.sl_service_process_action
                0x00000860        0x2 ./autogen/sl_event_handler.o
                0x00000860                sl_service_process_action
 .text.sl_stack_process_action
                0x00000862        0x2 ./autogen/sl_event_handler.o
                0x00000862                sl_stack_process_action
 .text.sl_internal_app_process_action
                0x00000864        0x2 ./autogen/sl_event_handler.o
                0x00000864                sl_internal_app_process_action
 *fill*         0x00000866        0x2 
 .text.sl_i2cspm_init_instances
                0x00000868       0x18 ./autogen/sl_i2cspm_init.o
                0x00000868                sl_i2cspm_init_instances
 .text.sl_iostream_eusart_init_vcom
                0x00000880       0x68 ./autogen/sl_iostream_init_eusart_instances.o
                0x00000880                sl_iostream_eusart_init_vcom
 .text.sl_iostream_eusart_init_instances
                0x000008e8        0x4 ./autogen/sl_iostream_init_eusart_instances.o
                0x000008e8                sl_iostream_eusart_init_instances
 .text.EUART0_RX_IRQHandler
                0x000008ec        0xc ./autogen/sl_iostream_init_eusart_instances.o
                0x000008ec                EUART0_RX_IRQHandler
 .text.EUART0_TX_IRQHandler
                0x000008f8        0x4 ./autogen/sl_iostream_init_eusart_instances.o
                0x000008f8                EUART0_TX_IRQHandler
 .text.sl_board_configure_vcom
                0x000008fc        0x4 ./gecko_sdk_4.1.4/hardware/board/src/sl_board_control_gpio.o
                0x000008fc                sl_board_configure_vcom
 .text.sl_board_disable_sensor
                0x00000900       0x5c ./gecko_sdk_4.1.4/hardware/board/src/sl_board_control_gpio.o
                0x00000900                sl_board_disable_sensor
 .text.sl_board_init
                0x0000095c       0x16 ./gecko_sdk_4.1.4/hardware/board/src/sl_board_init.o
                0x0000095c                sl_board_init
 .text.sl_board_preinit
                0x00000972        0x8 ./gecko_sdk_4.1.4/hardware/board/src/sl_board_init.o
                0x00000972                sl_board_preinit
 *fill*         0x0000097a        0x2 
 .text.cs_high  0x0000097c        0xc ./gecko_sdk_4.1.4/hardware/driver/mx25_flash_shutdown/src/sl_mx25_flash_shutdown_usart/sl_mx25_flash_shutdown.o
 .text.cs_low   0x00000988        0xc ./gecko_sdk_4.1.4/hardware/driver/mx25_flash_shutdown/src/sl_mx25_flash_shutdown_usart/sl_mx25_flash_shutdown.o
 .text.sl_mx25_flash_shutdown
                0x00000994      0x114 ./gecko_sdk_4.1.4/hardware/driver/mx25_flash_shutdown/src/sl_mx25_flash_shutdown_usart/sl_mx25_flash_shutdown.o
                0x00000994                sl_mx25_flash_shutdown
 .text.Default_Handler
                0x00000aa8        0x2 ./gecko_sdk_4.1.4/platform/Device/SiliconLabs/EFM32PG22/Source/startup_efm32pg22.o
                0x00000aa8                ULFRCO_IRQHandler
                0x00000aa8                SW2_IRQHandler
                0x00000aa8                TIMER2_IRQHandler
                0x00000aa8                DebugMon_Handler
                0x00000aa8                PKE_IRQHandler
                0x00000aa8                USART0_TX_IRQHandler
                0x00000aa8                IADC_IRQHandler
                0x00000aa8                I2C0_IRQHandler
                0x00000aa8                LFXO_IRQHandler
                0x00000aa8                CRYPTOACC_IRQHandler
                0x00000aa8                HardFault_Handler
                0x00000aa8                SMU_SECURE_IRQHandler
                0x00000aa8                SysTick_Handler
                0x00000aa8                USART1_RX_IRQHandler
                0x00000aa8                EMUEFP_IRQHandler
                0x00000aa8                PendSV_Handler
                0x00000aa8                NMI_Handler
                0x00000aa8                HFXO0_IRQHandler
                0x00000aa8                I2C1_IRQHandler
                0x00000aa8                PDM_IRQHandler
                0x00000aa8                WDOG0_IRQHandler
                0x00000aa8                TIMER3_IRQHandler
                0x00000aa8                SYSCFG_IRQHandler
                0x00000aa8                EMUSE_IRQHandler
                0x00000aa8                EMUDG_IRQHandler
                0x00000aa8                USART1_TX_IRQHandler
                0x00000aa8                MSC_IRQHandler
                0x00000aa8                DPLL0_IRQHandler
                0x00000aa8                UsageFault_Handler
                0x00000aa8                M33CTI1_IRQHandler
                0x00000aa8                TIMER4_IRQHandler
                0x00000aa8                GPIO_EVEN_IRQHandler
                0x00000aa8                LDMA_IRQHandler
                0x00000aa8                SW0_IRQHandler
                0x00000aa8                TIMER0_IRQHandler
                0x00000aa8                LETIMER0_IRQHandler
                0x00000aa8                TIMER1_IRQHandler
                0x00000aa8                HFRCO0_IRQHandler
                0x00000aa8                SecureFault_Handler
                0x00000aa8                DCDC_IRQHandler
                0x00000aa8                Default_Handler
                0x00000aa8                EMU_IRQHandler
                0x00000aa8                SW3_IRQHandler
                0x00000aa8                KERNEL0_IRQHandler
                0x00000aa8                KERNEL1_IRQHandler
                0x00000aa8                sl_app_properties
                0x00000aa8                BURTC_IRQHandler
                0x00000aa8                LFRCO_IRQHandler
                0x00000aa8                USART0_RX_IRQHandler
                0x00000aa8                MemManage_Handler
                0x00000aa8                SVC_Handler
                0x00000aa8                RTCC_IRQHandler
                0x00000aa8                SMU_S_PRIVILEGED_IRQHandler
                0x00000aa8                SW1_IRQHandler
                0x00000aa8                CMU_IRQHandler
                0x00000aa8                GPIO_ODD_IRQHandler
                0x00000aa8                M33CTI0_IRQHandler
                0x00000aa8                ICACHE0_IRQHandler
                0x00000aa8                SMU_NS_PRIVILEGED_IRQHandler
                0x00000aa8                BusFault_Handler
                0x00000aa8                TRNG_IRQHandler
 *fill*         0x00000aaa        0x2 
 .text.Reset_Handler
                0x00000aac       0x60 ./gecko_sdk_4.1.4/platform/Device/SiliconLabs/EFM32PG22/Source/startup_efm32pg22.o
                0x00000aac                Reset_Handler
 .text.SystemInit
                0x00000b0c       0x64 ./gecko_sdk_4.1.4/platform/Device/SiliconLabs/EFM32PG22/Source/system_efm32pg22.o
                0x00000b0c                SystemInit
 .text.SystemHFRCODPLLClockGet
                0x00000b70        0xc ./gecko_sdk_4.1.4/platform/Device/SiliconLabs/EFM32PG22/Source/system_efm32pg22.o
                0x00000b70                SystemHFRCODPLLClockGet
 .text.SystemSYSCLKGet
                0x00000b7c       0x34 ./gecko_sdk_4.1.4/platform/Device/SiliconLabs/EFM32PG22/Source/system_efm32pg22.o
                0x00000b7c                SystemSYSCLKGet
 .text.SystemHCLKGet
                0x00000bb0       0x24 ./gecko_sdk_4.1.4/platform/Device/SiliconLabs/EFM32PG22/Source/system_efm32pg22.o
                0x00000bb0                SystemHCLKGet
 .text.SystemMaxCoreClockGet
                0x00000bd4        0x8 ./gecko_sdk_4.1.4/platform/Device/SiliconLabs/EFM32PG22/Source/system_efm32pg22.o
                0x00000bd4                SystemMaxCoreClockGet
 .text.SystemHFXOClockGet
                0x00000bdc        0xc ./gecko_sdk_4.1.4/platform/Device/SiliconLabs/EFM32PG22/Source/system_efm32pg22.o
                0x00000bdc                SystemHFXOClockGet
 .text.SystemHFXOClockSet
                0x00000be8       0x20 ./gecko_sdk_4.1.4/platform/Device/SiliconLabs/EFM32PG22/Source/system_efm32pg22.o
                0x00000be8                SystemHFXOClockSet
 .text.SystemCLKIN0Get
                0x00000c08        0x4 ./gecko_sdk_4.1.4/platform/Device/SiliconLabs/EFM32PG22/Source/system_efm32pg22.o
                0x00000c08                SystemCLKIN0Get
 .text.SystemFSRCOClockGet
                0x00000c0c        0x8 ./gecko_sdk_4.1.4/platform/Device/SiliconLabs/EFM32PG22/Source/system_efm32pg22.o
                0x00000c0c                SystemFSRCOClockGet
 .text.SystemLFRCOClockGet
                0x00000c14        0x6 ./gecko_sdk_4.1.4/platform/Device/SiliconLabs/EFM32PG22/Source/system_efm32pg22.o
                0x00000c14                SystemLFRCOClockGet
 .text.SystemULFRCOClockGet
                0x00000c1a        0x6 ./gecko_sdk_4.1.4/platform/Device/SiliconLabs/EFM32PG22/Source/system_efm32pg22.o
                0x00000c1a                SystemULFRCOClockGet
 .text.SystemLFXOClockGet
                0x00000c20        0xc ./gecko_sdk_4.1.4/platform/Device/SiliconLabs/EFM32PG22/Source/system_efm32pg22.o
                0x00000c20                SystemLFXOClockGet
 .text.assertEFM
                0x00000c2c        0x2 ./gecko_sdk_4.1.4/platform/common/src/sl_assert.o
                0x00000c2c                assertEFM
 *fill*         0x00000c2e        0x2 
 .text._sbrk    0x00000c30       0x20 ./gecko_sdk_4.1.4/platform/common/toolchain/src/sl_memory.o
                0x00000c30                _sbrk
 .text.I2CSPM_Init
                0x00000c50      0x180 ./gecko_sdk_4.1.4/platform/driver/i2cspm/src/sl_i2cspm.o
                0x00000c50                I2CSPM_Init
 .text.I2CSPM_Transfer
                0x00000dd0       0x20 ./gecko_sdk_4.1.4/platform/driver/i2cspm/src/sl_i2cspm.o
                0x00000dd0                I2CSPM_Transfer
 .text.EMU_VScaleGet
                0x00000df0       0x18 ./gecko_sdk_4.1.4/platform/emlib/src/em_cmu.o
 .text.em01GrpaClkGet
                0x00000e08       0x54 ./gecko_sdk_4.1.4/platform/emlib/src/em_cmu.o
 .text.iadcClkGet
                0x00000e5c       0x54 ./gecko_sdk_4.1.4/platform/emlib/src/em_cmu.o
 .text.em01GrpbClkGet
                0x00000eb0       0x70 ./gecko_sdk_4.1.4/platform/emlib/src/em_cmu.o
 .text.em23GrpaClkGet
                0x00000f20       0x54 ./gecko_sdk_4.1.4/platform/emlib/src/em_cmu.o
 .text.wdog0ClkGet
                0x00000f74       0x60 ./gecko_sdk_4.1.4/platform/emlib/src/em_cmu.o
 .text.rtccClkGet
                0x00000fd4       0x54 ./gecko_sdk_4.1.4/platform/emlib/src/em_cmu.o
 .text.em4GrpaClkGet
                0x00001028       0x54 ./gecko_sdk_4.1.4/platform/emlib/src/em_cmu.o
 .text.euart0ClkGet
                0x0000107c       0x48 ./gecko_sdk_4.1.4/platform/emlib/src/em_cmu.o
 .text.CMU_ClockDivGet
                0x000010c4       0x84 ./gecko_sdk_4.1.4/platform/emlib/src/em_cmu.o
                0x000010c4                CMU_ClockDivGet
 .text.flashWaitStateControl
                0x00001148       0x4c ./gecko_sdk_4.1.4/platform/emlib/src/em_cmu.o
 .text.waitStateMax
                0x00001194       0x10 ./gecko_sdk_4.1.4/platform/emlib/src/em_cmu.o
 .text.CMU_ClockEnable
                0x000011a4       0x54 ./gecko_sdk_4.1.4/platform/emlib/src/em_cmu.o
                0x000011a4                CMU_ClockEnable
 .text.CMU_ClockFreqGet
                0x000011f8      0x194 ./gecko_sdk_4.1.4/platform/emlib/src/em_cmu.o
                0x000011f8                CMU_ClockFreqGet
 .text.CMU_ClockSelectGet
                0x0000138c      0x168 ./gecko_sdk_4.1.4/platform/emlib/src/em_cmu.o
                0x0000138c                CMU_ClockSelectGet
 .text.CMU_HFXOInit
                0x000014f4      0x1e4 ./gecko_sdk_4.1.4/platform/emlib/src/em_cmu.o
                0x000014f4                CMU_HFXOInit
 .text.CMU_HFXOCTuneDeltaGet
                0x000016d8        0xc ./gecko_sdk_4.1.4/platform/emlib/src/em_cmu.o
                0x000016d8                CMU_HFXOCTuneDeltaGet
 .text.CMU_LFXOInit
                0x000016e4       0xc4 ./gecko_sdk_4.1.4/platform/emlib/src/em_cmu.o
                0x000016e4                CMU_LFXOInit
 .text.CMU_LFXOPrecisionSet
                0x000017a8        0xc ./gecko_sdk_4.1.4/platform/emlib/src/em_cmu.o
                0x000017a8                CMU_LFXOPrecisionSet
 .text.CMU_UpdateWaitStates
                0x000017b4        0xc ./gecko_sdk_4.1.4/platform/emlib/src/em_cmu.o
                0x000017b4                CMU_UpdateWaitStates
 .text.CMU_ClockDivSet
                0x000017c0       0xf4 ./gecko_sdk_4.1.4/platform/emlib/src/em_cmu.o
                0x000017c0                CMU_ClockDivSet
 .text.pclkDivMax
                0x000018b4        0xa ./gecko_sdk_4.1.4/platform/emlib/src/em_cmu.o
 *fill*         0x000018be        0x2 
 .text.pclkDivOptimize
                0x000018c0       0x24 ./gecko_sdk_4.1.4/platform/emlib/src/em_cmu.o
 .text.CMU_ClockSelectSet
                0x000018e4      0x3ac ./gecko_sdk_4.1.4/platform/emlib/src/em_cmu.o
                0x000018e4                CMU_ClockSelectSet
 .text.CORE_EnterCritical
                0x00001c90        0x8 ./gecko_sdk_4.1.4/platform/emlib/src/em_core.o
                0x00001c90                CORE_EnterCritical
 .text.CORE_ExitCritical
                0x00001c98        0x6 ./gecko_sdk_4.1.4/platform/emlib/src/em_core.o
                0x00001c98                CORE_ExitCritical
 .text.CORE_EnterAtomic
                0x00001c9e        0xc ./gecko_sdk_4.1.4/platform/emlib/src/em_core.o
                0x00001c9e                CORE_EnterAtomic
 .text.CORE_ExitAtomic
                0x00001caa        0x6 ./gecko_sdk_4.1.4/platform/emlib/src/em_core.o
                0x00001caa                CORE_ExitAtomic
 .text.EMU_EM4Init
                0x00001cb0       0x14 ./gecko_sdk_4.1.4/platform/emlib/src/em_emu.o
                0x00001cb0                EMU_EM4Init
 .text.EMU_EFPEM01VScale
                0x00001cc4        0x2 ./gecko_sdk_4.1.4/platform/emlib/src/em_emu.o
                0x00001cc4                EMU_EFPEM01VScale
 *fill*         0x00001cc6        0x2 
 .text.EMU_VScaleEM01
                0x00001cc8       0xb0 ./gecko_sdk_4.1.4/platform/emlib/src/em_emu.o
                0x00001cc8                EMU_VScaleEM01
 .text.EMU_VScaleEM01ByClock
                0x00001d78       0x30 ./gecko_sdk_4.1.4/platform/emlib/src/em_emu.o
                0x00001d78                EMU_VScaleEM01ByClock
 .text.EMU_DCDCUpdatedHook
                0x00001da8        0x2 ./gecko_sdk_4.1.4/platform/emlib/src/em_emu.o
                0x00001da8                EMU_DCDCUpdatedHook
 *fill*         0x00001daa        0x2 
 .text.EMU_DCDCModeSet
                0x00001dac       0x78 ./gecko_sdk_4.1.4/platform/emlib/src/em_emu.o
                0x00001dac                EMU_DCDCModeSet
 .text.EMU_DCDCInit
                0x00001e24       0x7c ./gecko_sdk_4.1.4/platform/emlib/src/em_emu.o
                0x00001e24                EMU_DCDCInit
 .text.eusart_sync
                0x00001ea0        0x8 ./gecko_sdk_4.1.4/platform/emlib/src/em_eusart.o
 .text.EUSART_Disable
                0x00001ea8       0x3a ./gecko_sdk_4.1.4/platform/emlib/src/em_eusart.o
 *fill*         0x00001ee2        0x2 
 .text.EUSART_Reset
                0x00001ee4       0x34 ./gecko_sdk_4.1.4/platform/emlib/src/em_eusart.o
                0x00001ee4                EUSART_Reset
 .text.EUSART_Enable
                0x00001f18       0x60 ./gecko_sdk_4.1.4/platform/emlib/src/em_eusart.o
                0x00001f18                EUSART_Enable
 .text.EUSART_Rx
                0x00001f78        0xc ./gecko_sdk_4.1.4/platform/emlib/src/em_eusart.o
                0x00001f78                EUSART_Rx
 .text.EUSART_Tx
                0x00001f84        0xa ./gecko_sdk_4.1.4/platform/emlib/src/em_eusart.o
                0x00001f84                EUSART_Tx
 *fill*         0x00001f8e        0x2 
 .text.EUSART_BaudrateSet
                0x00001f90      0x120 ./gecko_sdk_4.1.4/platform/emlib/src/em_eusart.o
                0x00001f90                EUSART_BaudrateSet
 .text.EUSART_AsyncInitCommon.constprop.0
                0x000020b0      0x160 ./gecko_sdk_4.1.4/platform/emlib/src/em_eusart.o
 .text.EUSART_UartInitLf
                0x00002210       0xb4 ./gecko_sdk_4.1.4/platform/emlib/src/em_eusart.o
                0x00002210                EUSART_UartInitLf
 .text.EUSART_UartInitHf
                0x000022c4       0x50 ./gecko_sdk_4.1.4/platform/emlib/src/em_eusart.o
                0x000022c4                EUSART_UartInitHf
 .text.GPIO_PinOutSet
                0x00002314       0x54 ./gecko_sdk_4.1.4/platform/emlib/src/em_gpio.o
 .text.GPIO_PinOutClear
                0x00002368       0x54 ./gecko_sdk_4.1.4/platform/emlib/src/em_gpio.o
 .text.BUS_RegMaskedWrite
                0x000023bc       0x22 ./gecko_sdk_4.1.4/platform/emlib/src/em_gpio.o
 *fill*         0x000023de        0x2 
 .text.GPIO_PinModeSet
                0x000023e0       0xa0 ./gecko_sdk_4.1.4/platform/emlib/src/em_gpio.o
                0x000023e0                GPIO_PinModeSet
 .text.I2C_BusFreqSet
                0x00002480       0xe8 ./gecko_sdk_4.1.4/platform/emlib/src/em_i2c.o
                0x00002480                I2C_BusFreqSet
 .text.I2C_Enable
                0x00002568       0x3c ./gecko_sdk_4.1.4/platform/emlib/src/em_i2c.o
                0x00002568                I2C_Enable
 .text.I2C_Init
                0x000025a4       0x68 ./gecko_sdk_4.1.4/platform/emlib/src/em_i2c.o
                0x000025a4                I2C_Init
 .text.I2C_Transfer
                0x0000260c      0x244 ./gecko_sdk_4.1.4/platform/emlib/src/em_i2c.o
                0x0000260c                I2C_Transfer
 .text.I2C_TransferInit
                0x00002850       0xbc ./gecko_sdk_4.1.4/platform/emlib/src/em_i2c.o
                0x00002850                I2C_TransferInit
 .text.USART_BaudrateSyncSet
                0x0000290c       0x48 ./gecko_sdk_4.1.4/platform/emlib/src/em_usart.o
                0x0000290c                USART_BaudrateSyncSet
 .text.USART_Reset
                0x00002954       0x78 ./gecko_sdk_4.1.4/platform/emlib/src/em_usart.o
                0x00002954                USART_Reset
 .text.USART_InitSync
                0x000029cc       0xdc ./gecko_sdk_4.1.4/platform/emlib/src/em_usart.o
                0x000029cc                USART_InitSync
 .text.USART_SpiTransfer
                0x00002aa8       0x14 ./gecko_sdk_4.1.4/platform/emlib/src/em_usart.o
                0x00002aa8                USART_SpiTransfer
 .text.sl_device_init_dcdc
                0x00002abc       0x20 ./gecko_sdk_4.1.4/platform/service/device_init/src/sl_device_init_dcdc_s2.o
                0x00002abc                sl_device_init_dcdc
 .text.sl_device_init_emu
                0x00002adc       0x24 ./gecko_sdk_4.1.4/platform/service/device_init/src/sl_device_init_emu_s2.o
                0x00002adc                sl_device_init_emu
 .text.sl_device_init_hfxo
                0x00002b00       0x6c ./gecko_sdk_4.1.4/platform/service/device_init/src/sl_device_init_hfxo_s2.o
                0x00002b00                sl_device_init_hfxo
 .text.sl_device_init_lfxo
                0x00002b6c       0x2c ./gecko_sdk_4.1.4/platform/service/device_init/src/sl_device_init_lfxo_s2.o
                0x00002b6c                sl_device_init_lfxo
 .text.sl_device_init_nvic
                0x00002b98       0x3c ./gecko_sdk_4.1.4/platform/service/device_init/src/sl_device_init_nvic.o
                0x00002b98                sl_device_init_nvic
 .text.sl_iostream_set_default
                0x00002bd4       0x18 ./gecko_sdk_4.1.4/platform/service/iostream/src/sl_iostream.o
                0x00002bd4                sl_iostream_set_default
 .text.sl_iostream_get_default
                0x00002bec       0x18 ./gecko_sdk_4.1.4/platform/service/iostream/src/sl_iostream.o
                0x00002bec                sl_iostream_get_default
 .text.sl_iostream_write
                0x00002c04       0x28 ./gecko_sdk_4.1.4/platform/service/iostream/src/sl_iostream.o
                0x00002c04                sl_iostream_write
 .text.sl_iostream_read
                0x00002c2c       0x32 ./gecko_sdk_4.1.4/platform/service/iostream/src/sl_iostream.o
                0x00002c2c                sl_iostream_read
 .text.eusart_enable_rx
                0x00002c5e        0xc ./gecko_sdk_4.1.4/platform/service/iostream/src/sl_iostream_eusart.o
 .text.eusart_deinit
                0x00002c6a       0x68 ./gecko_sdk_4.1.4/platform/service/iostream/src/sl_iostream_eusart.o
 .text.eusart_tx
                0x00002cd2        0xc ./gecko_sdk_4.1.4/platform/service/iostream/src/sl_iostream_eusart.o
 *fill*         0x00002cde        0x2 
 .text.sl_iostream_eusart_init
                0x00002ce0      0x1cc ./gecko_sdk_4.1.4/platform/service/iostream/src/sl_iostream_eusart.o
                0x00002ce0                sl_iostream_eusart_init
 .text.sl_iostream_eusart_irq_handler
                0x00002eac       0x3c ./gecko_sdk_4.1.4/platform/service/iostream/src/sl_iostream_eusart.o
                0x00002eac                sl_iostream_eusart_irq_handler
 .text._close   0x00002ee8        0x4 ./gecko_sdk_4.1.4/platform/service/iostream/src/sl_iostream_retarget_stdio.o
                0x00002ee8                _close
 .text._exit    0x00002eec        0x2 ./gecko_sdk_4.1.4/platform/service/iostream/src/sl_iostream_retarget_stdio.o
                0x00002eec                _exit
 .text._fstat   0x00002eee        0xa ./gecko_sdk_4.1.4/platform/service/iostream/src/sl_iostream_retarget_stdio.o
                0x00002eee                _fstat
 .text._isatty  0x00002ef8        0x4 ./gecko_sdk_4.1.4/platform/service/iostream/src/sl_iostream_retarget_stdio.o
                0x00002ef8                _isatty
 .text._lseek   0x00002efc        0x4 ./gecko_sdk_4.1.4/platform/service/iostream/src/sl_iostream_retarget_stdio.o
                0x00002efc                _lseek
 .text._read    0x00002f00       0x1c ./gecko_sdk_4.1.4/platform/service/iostream/src/sl_iostream_retarget_stdio.o
                0x00002f00                _read
 .text._write   0x00002f1c       0x1c ./gecko_sdk_4.1.4/platform/service/iostream/src/sl_iostream_retarget_stdio.o
                0x00002f1c                _write
 .text.sl_iostream_stdlib_disable_buffering
                0x00002f38       0x14 ./gecko_sdk_4.1.4/platform/service/iostream/src/sl_iostream_stdlib_config.o
                0x00002f38                sl_iostream_stdlib_disable_buffering
 .text.set_auto_cr_lf
                0x00002f4c        0x6 ./gecko_sdk_4.1.4/platform/service/iostream/src/sl_iostream_uart.o
 .text.get_auto_cr_lf
                0x00002f52        0x6 ./gecko_sdk_4.1.4/platform/service/iostream/src/sl_iostream_uart.o
 .text.uart_deinit
                0x00002f58       0x56 ./gecko_sdk_4.1.4/platform/service/iostream/src/sl_iostream_uart.o
 .text.nolock_uart_write.isra.0
                0x00002fae       0x4e ./gecko_sdk_4.1.4/platform/service/iostream/src/sl_iostream_uart.o
 .text.uart_read
                0x00002ffc       0x84 ./gecko_sdk_4.1.4/platform/service/iostream/src/sl_iostream_uart.o
 .text.uart_write
                0x00003080        0xa ./gecko_sdk_4.1.4/platform/service/iostream/src/sl_iostream_uart.o
 *fill*         0x0000308a        0x2 
 .text.sli_iostream_uart_context_init
                0x0000308c       0xac ./gecko_sdk_4.1.4/platform/service/iostream/src/sl_iostream_uart.o
                0x0000308c                sli_iostream_uart_context_init
 .text.sli_uart_is_rx_space_avail
                0x00003138       0x20 ./gecko_sdk_4.1.4/platform/service/iostream/src/sl_iostream_uart.o
                0x00003138                sli_uart_is_rx_space_avail
 .text.sli_uart_push_rxd_data
                0x00003158       0x94 ./gecko_sdk_4.1.4/platform/service/iostream/src/sl_iostream_uart.o
                0x00003158                sli_uart_push_rxd_data
 .text.sl_system_init
                0x000031ec       0x1a ./gecko_sdk_4.1.4/platform/service/system/src/sl_system_init.o
                0x000031ec                sl_system_init
 .text.sl_system_process_action
                0x00003206       0x16 ./gecko_sdk_4.1.4/platform/service/system/src/sl_system_process_action.o
                0x00003206                sl_system_process_action
 .text.sl_udelay_wait
                0x0000321c       0x58 ./gecko_sdk_4.1.4/platform/service/udelay/src/sl_udelay.o
                0x0000321c                sl_udelay_wait
 *fill*         0x00003274        0xc 
 .text          0x00003280        0x8 ./gecko_sdk_4.1.4/platform/service/udelay/src/sl_udelay_armv6m_gcc.o
                0x00003280                sli_delay_loop
 .text.exit     0x00003288       0x28 c:/siliconlabs/simplicitystudio/v5/developer/toolchains/gnu_arm/10.3_2021.10/bin/../lib/gcc/arm-none-eabi/10.3.1/../../../../arm-none-eabi/lib/thumb/v8-m.main+fp/hard\libc_nano.a(lib_a-exit.o)
                0x00003288                exit
 .text.__libc_init_array
                0x000032b0       0x48 c:/siliconlabs/simplicitystudio/v5/developer/toolchains/gnu_arm/10.3_2021.10/bin/../lib/gcc/arm-none-eabi/10.3.1/../../../../arm-none-eabi/lib/thumb/v8-m.main+fp/hard\libc_nano.a(lib_a-init.o)
                0x000032b0                __libc_init_array
 .text.memset   0x000032f8       0x10 c:/siliconlabs/simplicitystudio/v5/developer/toolchains/gnu_arm/10.3_2021.10/bin/../lib/gcc/arm-none-eabi/10.3.1/../../../../arm-none-eabi/lib/thumb/v8-m.main+fp/hard\libc_nano.a(lib_a-memset.o)
                0x000032f8                memset
 .text.printf   0x00003308       0x30 c:/siliconlabs/simplicitystudio/v5/developer/toolchains/gnu_arm/10.3_2021.10/bin/../lib/gcc/arm-none-eabi/10.3.1/../../../../arm-none-eabi/lib/thumb/v8-m.main+fp/hard\libc_nano.a(lib_a-printf.o)
                0x00003308                iprintf
                0x00003308                printf
 .text.setvbuf  0x00003338      0x188 c:/siliconlabs/simplicitystudio/v5/developer/toolchains/gnu_arm/10.3_2021.10/bin/../lib/gcc/arm-none-eabi/10.3.1/../../../../arm-none-eabi/lib/thumb/v8-m.main+fp/hard\libc_nano.a(lib_a-setvbuf.o)
                0x00003338                setvbuf
 .text.__sflush_r
                0x000034c0      0x108 c:/siliconlabs/simplicitystudio/v5/developer/toolchains/gnu_arm/10.3_2021.10/bin/../lib/gcc/arm-none-eabi/10.3.1/../../../../arm-none-eabi/lib/thumb/v8-m.main+fp/hard\libc_nano.a(lib_a-fflush.o)
                0x000034c0                __sflush_r
 .text._fflush_r
                0x000035c8       0x78 c:/siliconlabs/simplicitystudio/v5/developer/toolchains/gnu_arm/10.3_2021.10/bin/../lib/gcc/arm-none-eabi/10.3.1/../../../../arm-none-eabi/lib/thumb/v8-m.main+fp/hard\libc_nano.a(lib_a-fflush.o)
                0x000035c8                _fflush_r
 .text.std      0x00003640       0x48 c:/siliconlabs/simplicitystudio/v5/developer/toolchains/gnu_arm/10.3_2021.10/bin/../lib/gcc/arm-none-eabi/10.3.1/../../../../arm-none-eabi/lib/thumb/v8-m.main+fp/hard\libc_nano.a(lib_a-findfp.o)
 .text._cleanup_r
                0x00003688        0xc c:/siliconlabs/simplicitystudio/v5/developer/toolchains/gnu_arm/10.3_2021.10/bin/../lib/gcc/arm-none-eabi/10.3.1/../../../../arm-none-eabi/lib/thumb/v8-m.main+fp/hard\libc_nano.a(lib_a-findfp.o)
                0x00003688                _cleanup_r
 .text.__sfmoreglue
                0x00003694       0x2c c:/siliconlabs/simplicitystudio/v5/developer/toolchains/gnu_arm/10.3_2021.10/bin/../lib/gcc/arm-none-eabi/10.3.1/../../../../arm-none-eabi/lib/thumb/v8-m.main+fp/hard\libc_nano.a(lib_a-findfp.o)
                0x00003694                __sfmoreglue
 .text.__sfp_lock_acquire
                0x000036c0        0xc c:/siliconlabs/simplicitystudio/v5/developer/toolchains/gnu_arm/10.3_2021.10/bin/../lib/gcc/arm-none-eabi/10.3.1/../../../../arm-none-eabi/lib/thumb/v8-m.main+fp/hard\libc_nano.a(lib_a-findfp.o)
                0x000036c0                __sfp_lock_acquire
 .text.__sfp_lock_release
                0x000036cc        0xc c:/siliconlabs/simplicitystudio/v5/developer/toolchains/gnu_arm/10.3_2021.10/bin/../lib/gcc/arm-none-eabi/10.3.1/../../../../arm-none-eabi/lib/thumb/v8-m.main+fp/hard\libc_nano.a(lib_a-findfp.o)
                0x000036cc                __sfp_lock_release
 .text.__sinit_lock_acquire
                0x000036d8        0xc c:/siliconlabs/simplicitystudio/v5/developer/toolchains/gnu_arm/10.3_2021.10/bin/../lib/gcc/arm-none-eabi/10.3.1/../../../../arm-none-eabi/lib/thumb/v8-m.main+fp/hard\libc_nano.a(lib_a-findfp.o)
                0x000036d8                __sinit_lock_acquire
 .text.__sinit_lock_release
                0x000036e4        0xc c:/siliconlabs/simplicitystudio/v5/developer/toolchains/gnu_arm/10.3_2021.10/bin/../lib/gcc/arm-none-eabi/10.3.1/../../../../arm-none-eabi/lib/thumb/v8-m.main+fp/hard\libc_nano.a(lib_a-findfp.o)
                0x000036e4                __sinit_lock_release
 .text.__sinit  0x000036f0       0x70 c:/siliconlabs/simplicitystudio/v5/developer/toolchains/gnu_arm/10.3_2021.10/bin/../lib/gcc/arm-none-eabi/10.3.1/../../../../arm-none-eabi/lib/thumb/v8-m.main+fp/hard\libc_nano.a(lib_a-findfp.o)
                0x000036f0                __sinit
 .text.__sfp    0x00003760       0x8c c:/siliconlabs/simplicitystudio/v5/developer/toolchains/gnu_arm/10.3_2021.10/bin/../lib/gcc/arm-none-eabi/10.3.1/../../../../arm-none-eabi/lib/thumb/v8-m.main+fp/hard\libc_nano.a(lib_a-findfp.o)
                0x00003760                __sfp
 .text._fwalk_reent
                0x000037ec       0x3e c:/siliconlabs/simplicitystudio/v5/developer/toolchains/gnu_arm/10.3_2021.10/bin/../lib/gcc/arm-none-eabi/10.3.1/../../../../arm-none-eabi/lib/thumb/v8-m.main+fp/hard\libc_nano.a(lib_a-fwalk.o)
                0x000037ec                _fwalk_reent
 .text.__retarget_lock_init_recursive
                0x0000382a        0x2 c:/siliconlabs/simplicitystudio/v5/developer/toolchains/gnu_arm/10.3_2021.10/bin/../lib/gcc/arm-none-eabi/10.3.1/../../../../arm-none-eabi/lib/thumb/v8-m.main+fp/hard\libc_nano.a(lib_a-lock.o)
                0x0000382a                __retarget_lock_init_recursive
 .text.__retarget_lock_acquire_recursive
                0x0000382c        0x2 c:/siliconlabs/simplicitystudio/v5/developer/toolchains/gnu_arm/10.3_2021.10/bin/../lib/gcc/arm-none-eabi/10.3.1/../../../../arm-none-eabi/lib/thumb/v8-m.main+fp/hard\libc_nano.a(lib_a-lock.o)
                0x0000382c                __retarget_lock_acquire_recursive
 .text.__retarget_lock_release_recursive
                0x0000382e        0x2 c:/siliconlabs/simplicitystudio/v5/developer/toolchains/gnu_arm/10.3_2021.10/bin/../lib/gcc/arm-none-eabi/10.3.1/../../../../arm-none-eabi/lib/thumb/v8-m.main+fp/hard\libc_nano.a(lib_a-lock.o)
                0x0000382e                __retarget_lock_release_recursive
 .text.__swhatbuf_r
                0x00003830       0x4a c:/siliconlabs/simplicitystudio/v5/developer/toolchains/gnu_arm/10.3_2021.10/bin/../lib/gcc/arm-none-eabi/10.3.1/../../../../arm-none-eabi/lib/thumb/v8-m.main+fp/hard\libc_nano.a(lib_a-makebuf.o)
                0x00003830                __swhatbuf_r
 *fill*         0x0000387a        0x2 
 .text.__smakebuf_r
                0x0000387c       0x80 c:/siliconlabs/simplicitystudio/v5/developer/toolchains/gnu_arm/10.3_2021.10/bin/../lib/gcc/arm-none-eabi/10.3.1/../../../../arm-none-eabi/lib/thumb/v8-m.main+fp/hard\libc_nano.a(lib_a-makebuf.o)
                0x0000387c                __smakebuf_r
 .text.malloc   0x000038fc       0x10 c:/siliconlabs/simplicitystudio/v5/developer/toolchains/gnu_arm/10.3_2021.10/bin/../lib/gcc/arm-none-eabi/10.3.1/../../../../arm-none-eabi/lib/thumb/v8-m.main+fp/hard\libc_nano.a(lib_a-malloc.o)
                0x000038fc                malloc
 .text._free_r  0x0000390c       0x98 c:/siliconlabs/simplicitystudio/v5/developer/toolchains/gnu_arm/10.3_2021.10/bin/../lib/gcc/arm-none-eabi/10.3.1/../../../../arm-none-eabi/lib/thumb/v8-m.main+fp/hard\libc_nano.a(lib_a-nano-freer.o)
                0x0000390c                _free_r
 .text.sbrk_aligned
                0x000039a4       0x40 c:/siliconlabs/simplicitystudio/v5/developer/toolchains/gnu_arm/10.3_2021.10/bin/../lib/gcc/arm-none-eabi/10.3.1/../../../../arm-none-eabi/lib/thumb/v8-m.main+fp/hard\libc_nano.a(lib_a-nano-mallocr.o)
 .text._malloc_r
                0x000039e4       0xe8 c:/siliconlabs/simplicitystudio/v5/developer/toolchains/gnu_arm/10.3_2021.10/bin/../lib/gcc/arm-none-eabi/10.3.1/../../../../arm-none-eabi/lib/thumb/v8-m.main+fp/hard\libc_nano.a(lib_a-nano-mallocr.o)
                0x000039e4                _malloc_r
 .text.__sfputc_r
                0x00003acc       0x2e c:/siliconlabs/simplicitystudio/v5/developer/toolchains/gnu_arm/10.3_2021.10/bin/../lib/gcc/arm-none-eabi/10.3.1/../../../../arm-none-eabi/lib/thumb/v8-m.main+fp/hard\libc_nano.a(lib_a-nano-vfprintf.o)
 .text.__sfputs_r
                0x00003afa       0x24 c:/siliconlabs/simplicitystudio/v5/developer/toolchains/gnu_arm/10.3_2021.10/bin/../lib/gcc/arm-none-eabi/10.3.1/../../../../arm-none-eabi/lib/thumb/v8-m.main+fp/hard\libc_nano.a(lib_a-nano-vfprintf.o)
                0x00003afa                __sfputs_r
 *fill*         0x00003b1e        0x2 
 .text._vfprintf_r
                0x00003b20      0x260 c:/siliconlabs/simplicitystudio/v5/developer/toolchains/gnu_arm/10.3_2021.10/bin/../lib/gcc/arm-none-eabi/10.3.1/../../../../arm-none-eabi/lib/thumb/v8-m.main+fp/hard\libc_nano.a(lib_a-nano-vfprintf.o)
                0x00003b20                _vfprintf_r
                0x00003b20                _vfiprintf_r
 .text._printf_common
                0x00003d80       0xe0 c:/siliconlabs/simplicitystudio/v5/developer/toolchains/gnu_arm/10.3_2021.10/bin/../lib/gcc/arm-none-eabi/10.3.1/../../../../arm-none-eabi/lib/thumb/v8-m.main+fp/hard\libc_nano.a(lib_a-nano-vfprintf_i.o)
                0x00003d80                _printf_common
 .text._printf_i
                0x00003e60      0x24c c:/siliconlabs/simplicitystudio/v5/developer/toolchains/gnu_arm/10.3_2021.10/bin/../lib/gcc/arm-none-eabi/10.3.1/../../../../arm-none-eabi/lib/thumb/v8-m.main+fp/hard\libc_nano.a(lib_a-nano-vfprintf_i.o)
                0x00003e60                _printf_i
 .text._sbrk_r  0x000040ac       0x20 c:/siliconlabs/simplicitystudio/v5/developer/toolchains/gnu_arm/10.3_2021.10/bin/../lib/gcc/arm-none-eabi/10.3.1/../../../../arm-none-eabi/lib/thumb/v8-m.main+fp/hard\libc_nano.a(lib_a-sbrkr.o)
                0x000040ac                _sbrk_r
 .text.__sread  0x000040cc       0x22 c:/siliconlabs/simplicitystudio/v5/developer/toolchains/gnu_arm/10.3_2021.10/bin/../lib/gcc/arm-none-eabi/10.3.1/../../../../arm-none-eabi/lib/thumb/v8-m.main+fp/hard\libc_nano.a(lib_a-stdio.o)
                0x000040cc                __sread
 .text.__swrite
                0x000040ee       0x38 c:/siliconlabs/simplicitystudio/v5/developer/toolchains/gnu_arm/10.3_2021.10/bin/../lib/gcc/arm-none-eabi/10.3.1/../../../../arm-none-eabi/lib/thumb/v8-m.main+fp/hard\libc_nano.a(lib_a-stdio.o)
                0x000040ee                __swrite
 .text.__sseek  0x00004126       0x24 c:/siliconlabs/simplicitystudio/v5/developer/toolchains/gnu_arm/10.3_2021.10/bin/../lib/gcc/arm-none-eabi/10.3.1/../../../../arm-none-eabi/lib/thumb/v8-m.main+fp/hard\libc_nano.a(lib_a-stdio.o)
                0x00004126                __sseek
 .text.__sclose
                0x0000414a        0x8 c:/siliconlabs/simplicitystudio/v5/developer/toolchains/gnu_arm/10.3_2021.10/bin/../lib/gcc/arm-none-eabi/10.3.1/../../../../arm-none-eabi/lib/thumb/v8-m.main+fp/hard\libc_nano.a(lib_a-stdio.o)
                0x0000414a                __sclose
 *fill*         0x00004152        0x2 
 .text.__swbuf_r
                0x00004154       0xa4 c:/siliconlabs/simplicitystudio/v5/developer/toolchains/gnu_arm/10.3_2021.10/bin/../lib/gcc/arm-none-eabi/10.3.1/../../../../arm-none-eabi/lib/thumb/v8-m.main+fp/hard\libc_nano.a(lib_a-wbuf.o)
                0x00004154                __swbuf_r
 .text._write_r
                0x000041f8       0x24 c:/siliconlabs/simplicitystudio/v5/developer/toolchains/gnu_arm/10.3_2021.10/bin/../lib/gcc/arm-none-eabi/10.3.1/../../../../arm-none-eabi/lib/thumb/v8-m.main+fp/hard\libc_nano.a(lib_a-writer.o)
                0x000041f8                _write_r
 .text.__swsetup_r
                0x0000421c       0xdc c:/siliconlabs/simplicitystudio/v5/developer/toolchains/gnu_arm/10.3_2021.10/bin/../lib/gcc/arm-none-eabi/10.3.1/../../../../arm-none-eabi/lib/thumb/v8-m.main+fp/hard\libc_nano.a(lib_a-wsetup.o)
                0x0000421c                __swsetup_r
 .text._close_r
                0x000042f8       0x20 c:/siliconlabs/simplicitystudio/v5/developer/toolchains/gnu_arm/10.3_2021.10/bin/../lib/gcc/arm-none-eabi/10.3.1/../../../../arm-none-eabi/lib/thumb/v8-m.main+fp/hard\libc_nano.a(lib_a-closer.o)
                0x000042f8                _close_r
 .text._fstat_r
                0x00004318       0x24 c:/siliconlabs/simplicitystudio/v5/developer/toolchains/gnu_arm/10.3_2021.10/bin/../lib/gcc/arm-none-eabi/10.3.1/../../../../arm-none-eabi/lib/thumb/v8-m.main+fp/hard\libc_nano.a(lib_a-fstatr.o)
                0x00004318                _fstat_r
 .text._isatty_r
                0x0000433c       0x20 c:/siliconlabs/simplicitystudio/v5/developer/toolchains/gnu_arm/10.3_2021.10/bin/../lib/gcc/arm-none-eabi/10.3.1/../../../../arm-none-eabi/lib/thumb/v8-m.main+fp/hard\libc_nano.a(lib_a-isattyr.o)
                0x0000433c                _isatty_r
 .text._lseek_r
                0x0000435c       0x24 c:/siliconlabs/simplicitystudio/v5/developer/toolchains/gnu_arm/10.3_2021.10/bin/../lib/gcc/arm-none-eabi/10.3.1/../../../../arm-none-eabi/lib/thumb/v8-m.main+fp/hard\libc_nano.a(lib_a-lseekr.o)
                0x0000435c                _lseek_r
 .text.memchr   0x00004380       0x1c c:/siliconlabs/simplicitystudio/v5/developer/toolchains/gnu_arm/10.3_2021.10/bin/../lib/gcc/arm-none-eabi/10.3.1/../../../../arm-none-eabi/lib/thumb/v8-m.main+fp/hard\libc_nano.a(lib_a-memchr-stub.o)
                0x00004380                memchr
 .text.__malloc_lock
                0x0000439c        0xc c:/siliconlabs/simplicitystudio/v5/developer/toolchains/gnu_arm/10.3_2021.10/bin/../lib/gcc/arm-none-eabi/10.3.1/../../../../arm-none-eabi/lib/thumb/v8-m.main+fp/hard\libc_nano.a(lib_a-mlock.o)
                0x0000439c                __malloc_lock
 .text.__malloc_unlock
                0x000043a8        0xc c:/siliconlabs/simplicitystudio/v5/developer/toolchains/gnu_arm/10.3_2021.10/bin/../lib/gcc/arm-none-eabi/10.3.1/../../../../arm-none-eabi/lib/thumb/v8-m.main+fp/hard\libc_nano.a(lib_a-mlock.o)
                0x000043a8                __malloc_unlock
 .text._read_r  0x000043b4       0x24 c:/siliconlabs/simplicitystudio/v5/developer/toolchains/gnu_arm/10.3_2021.10/bin/../lib/gcc/arm-none-eabi/10.3.1/../../../../arm-none-eabi/lib/thumb/v8-m.main+fp/hard\libc_nano.a(lib_a-readr.o)
                0x000043b4                _read_r
 .text.lrintf   0x000043d8       0x98 c:/siliconlabs/simplicitystudio/v5/developer/toolchains/gnu_arm/10.3_2021.10/bin/../lib/gcc/arm-none-eabi/10.3.1/../../../../arm-none-eabi/lib/thumb/v8-m.main+fp/hard\libm.a(lib_a-sf_lrint.o)
                0x000043d8                lrintf
                0x00004470                linker_code_end = .
 *(.init)
 .init          0x00004470        0x4 c:/siliconlabs/simplicitystudio/v5/developer/toolchains/gnu_arm/10.3_2021.10/bin/../lib/gcc/arm-none-eabi/10.3.1/thumb/v8-m.main+fp/hard/crti.o
                0x00004470                _init
 .init          0x00004474        0x8 c:/siliconlabs/simplicitystudio/v5/developer/toolchains/gnu_arm/10.3_2021.10/bin/../lib/gcc/arm-none-eabi/10.3.1/thumb/v8-m.main+fp/hard/crtn.o
 *(.fini)
 .fini          0x0000447c        0x4 c:/siliconlabs/simplicitystudio/v5/developer/toolchains/gnu_arm/10.3_2021.10/bin/../lib/gcc/arm-none-eabi/10.3.1/thumb/v8-m.main+fp/hard/crti.o
                0x0000447c                _fini
 .fini          0x00004480        0x8 c:/siliconlabs/simplicitystudio/v5/developer/toolchains/gnu_arm/10.3_2021.10/bin/../lib/gcc/arm-none-eabi/10.3.1/thumb/v8-m.main+fp/hard/crtn.o
 *crtbegin.o(.ctors)
 *crtbegin?.o(.ctors)
 *(EXCLUDE_FILE(*crtend.o *crtend?.o) .ctors)
 *(SORT_BY_NAME(.ctors.*))
 *(.ctors)
 *crtbegin.o(.dtors)
 *crtbegin?.o(.dtors)
 *(EXCLUDE_FILE(*crtend.o *crtend?.o) .dtors)
 *(SORT_BY_NAME(.dtors.*))
 *(.dtors)
 *(.rodata*)
 .rodata.vcom_print_diag_suffix.part.0.str1.1
                0x00004488       0x5c ./ina228.o
 .rodata.ina228_init.str1.1
                0x000044e4       0x20 ./ina228.o
 .rodata.ina228_application_start.str1.1
                0x00004504       0x9d ./ina228.o
 .rodata.ina228_application_poll.str1.1
                0x000045a1       0x3a ./ina228.o
                                 0x3d (size before relaxing)
 *fill*         0x000045db        0x1 
 .rodata        0x000045dc        0xc ./ina228.o
 .rodata.sl_iostream_eusart_init_vcom.str1.1
                0x000045e8       0x2f ./autogen/sl_iostream_init_eusart_instances.o
 *fill*         0x00004617        0x1 
 .rodata        0x00004618       0x5c ./autogen/sl_iostream_init_eusart_instances.o
 .rodata.sl_board_enable_sensor.str1.1
                0x00004674       0x5a ./gecko_sdk_4.1.4/hardware/board/src/sl_board_control_gpio.o
 *fill*         0x000046ce        0x2 
 .rodata        0x000046d0       0x1c ./gecko_sdk_4.1.4/hardware/driver/mx25_flash_shutdown/src/sl_mx25_flash_shutdown_usart/sl_mx25_flash_shutdown.o
 .rodata.I2CSPM_Init.str1.1
                0x000046ec       0xa2 ./gecko_sdk_4.1.4/platform/driver/i2cspm/src/sl_i2cspm.o
 .rodata.HFRCODPLLDevinfoGet.str1.1
                0x0000478e       0x4b ./gecko_sdk_4.1.4/platform/emlib/src/em_cmu.o
 .rodata.CSWTCH.62
                0x000047d9        0x4 ./gecko_sdk_4.1.4/platform/emlib/src/em_cmu.o
 .rodata.CSWTCH.64
                0x000047dd        0x6 ./gecko_sdk_4.1.4/platform/emlib/src/em_cmu.o
 .rodata.EMU_VScaleEM01.str1.1
                0x000047e3       0x4b ./gecko_sdk_4.1.4/platform/emlib/src/em_emu.o
 .rodata.EUSART_Enable.str1.1
                0x0000482e       0x4e ./gecko_sdk_4.1.4/platform/emlib/src/em_eusart.o
 .rodata.GPIO_PinOutSet.str1.1
                0x0000487c       0x4c ./gecko_sdk_4.1.4/platform/emlib/src/em_gpio.o
 .rodata.GPIO_ExtIntConfig.str1.1
                0x0000487c       0x4c ./gecko_sdk_4.1.4/platform/emlib/src/em_gpio.o
 .rodata.I2C_BusFreqGet.str1.1
                0x000048c8       0x4b ./gecko_sdk_4.1.4/platform/emlib/src/em_i2c.o
 *fill*         0x00004913        0x1 
 .rodata.CSWTCH.13
                0x00004914        0xc ./gecko_sdk_4.1.4/platform/emlib/src/em_i2c.o
 .rodata.CSWTCH.14
                0x00004920        0xc ./gecko_sdk_4.1.4/platform/emlib/src/em_i2c.o
 .rodata.i2cNSum
                0x0000492c        0x4 ./gecko_sdk_4.1.4/platform/emlib/src/em_i2c.o
 .rodata.USART_BaudrateAsyncSet.str1.1
                0x00004930       0x4d ./gecko_sdk_4.1.4/platform/emlib/src/em_usart.o
 .rodata        0x0000497d        0x8 ./gecko_sdk_4.1.4/platform/service/device_init/src/sl_device_init_dcdc_s2.o
 *fill*         0x00004985        0x3 
 .rodata        0x00004988       0x28 ./gecko_sdk_4.1.4/platform/service/device_init/src/sl_device_init_hfxo_s2.o
 .rodata        0x000049b0       0x14 ./gecko_sdk_4.1.4/platform/service/device_init/src/sl_device_init_lfxo_s2.o
 .rodata._write.str1.1
                0x000049c4       0x6a ./gecko_sdk_4.1.4/platform/service/iostream/src/sl_iostream_retarget_stdio.o
 .rodata.sli_uart_push_rxd_data.str1.1
                0x00004a2e       0x60 ./gecko_sdk_4.1.4/platform/service/iostream/src/sl_iostream_uart.o
 .rodata.sl_udelay_wait.str1.1
                0x00004a8e       0x57 ./gecko_sdk_4.1.4/platform/service/udelay/src/sl_udelay.o
 *fill*         0x00004ae5        0x3 
 .rodata._global_impure_ptr
                0x00004ae8        0x4 c:/siliconlabs/simplicitystudio/v5/developer/toolchains/gnu_arm/10.3_2021.10/bin/../lib/gcc/arm-none-eabi/10.3.1/../../../../arm-none-eabi/lib/thumb/v8-m.main+fp/hard\libc_nano.a(lib_a-impure.o)
                0x00004ae8                _global_impure_ptr
 .rodata.__sf_fake_stderr
                0x00004aec       0x20 c:/siliconlabs/simplicitystudio/v5/developer/toolchains/gnu_arm/10.3_2021.10/bin/../lib/gcc/arm-none-eabi/10.3.1/../../../../arm-none-eabi/lib/thumb/v8-m.main+fp/hard\libc_nano.a(lib_a-findfp.o)
                0x00004aec                __sf_fake_stderr
 .rodata.__sf_fake_stdin
                0x00004b0c       0x20 c:/siliconlabs/simplicitystudio/v5/developer/toolchains/gnu_arm/10.3_2021.10/bin/../lib/gcc/arm-none-eabi/10.3.1/../../../../arm-none-eabi/lib/thumb/v8-m.main+fp/hard\libc_nano.a(lib_a-findfp.o)
                0x00004b0c                __sf_fake_stdin
 .rodata.__sf_fake_stdout
                0x00004b2c       0x20 c:/siliconlabs/simplicitystudio/v5/developer/toolchains/gnu_arm/10.3_2021.10/bin/../lib/gcc/arm-none-eabi/10.3.1/../../../../arm-none-eabi/lib/thumb/v8-m.main+fp/hard\libc_nano.a(lib_a-findfp.o)
                0x00004b2c                __sf_fake_stdout
 .rodata._vfprintf_r.str1.1
                0x00004b4c       0x11 c:/siliconlabs/simplicitystudio/v5/developer/toolchains/gnu_arm/10.3_2021.10/bin/../lib/gcc/arm-none-eabi/10.3.1/../../../../arm-none-eabi/lib/thumb/v8-m.main+fp/hard\libc_nano.a(lib_a-nano-vfprintf.o)
 .rodata._printf_i.str1.1
                0x00004b5d       0x22 c:/siliconlabs/simplicitystudio/v5/developer/toolchains/gnu_arm/10.3_2021.10/bin/../lib/gcc/arm-none-eabi/10.3.1/../../../../arm-none-eabi/lib/thumb/v8-m.main+fp/hard\libc_nano.a(lib_a-nano-vfprintf_i.o)
 *fill*         0x00004b7f        0x1 
 .rodata.TWO23  0x00004b80        0x8 c:/siliconlabs/simplicitystudio/v5/developer/toolchains/gnu_arm/10.3_2021.10/bin/../lib/gcc/arm-none-eabi/10.3.1/../../../../arm-none-eabi/lib/thumb/v8-m.main+fp/hard\libm.a(lib_a-sf_lrint.o)
 *(.eh_frame*)
 .eh_frame      0x00004b88        0x0 c:/siliconlabs/simplicitystudio/v5/developer/toolchains/gnu_arm/10.3_2021.10/bin/../lib/gcc/arm-none-eabi/10.3.1/thumb/v8-m.main+fp/hard/crtbegin.o

.glue_7         0x00004b88        0x0
 .glue_7        0x00004b88        0x0 linker stubs

.glue_7t        0x00004b88        0x0
 .glue_7t       0x00004b88        0x0 linker stubs

.vfp11_veneer   0x00004b88        0x0
 .vfp11_veneer  0x00004b88        0x0 linker stubs

.v4_bx          0x00004b88        0x0
 .v4_bx         0x00004b88        0x0 linker stubs

.iplt           0x00004b88        0x0
 .iplt          0x00004b88        0x0 c:/siliconlabs/simplicitystudio/v5/developer/toolchains/gnu_arm/10.3_2021.10/bin/../lib/gcc/arm-none-eabi/10.3.1/thumb/v8-m.main+fp/hard/crtbegin.o

.ARM.extab
 *(.ARM.extab* .gnu.linkonce.armextab.*)
                0x00004b88                __exidx_start = .

.ARM.exidx      0x00004b88        0x8
 *(.ARM.exidx* .gnu.linkonce.armexidx.*)
 .ARM.exidx     0x00004b88        0x8 c:/siliconlabs/simplicitystudio/v5/developer/toolchains/gnu_arm/10.3_2021.10/bin/../lib/gcc/arm-none-eabi/10.3.1/../../../../arm-none-eabi/lib/thumb/v8-m.main+fp/hard/crt0.o
                                 0x10 (size before relaxing)
                0x00004b90                __exidx_end = .

.rel.dyn        0x00004b90        0x0
 .rel.iplt      0x00004b90        0x0 c:/siliconlabs/simplicitystudio/v5/developer/toolchains/gnu_arm/10.3_2021.10/bin/../lib/gcc/arm-none-eabi/10.3.1/thumb/v8-m.main+fp/hard/crtbegin.o

.copy.table     0x00004b90        0xc
                0x00004b90                . = ALIGN (0x4)
                0x00004b90                __copy_table_start__ = .
                0x00004b90        0x4 LONG 0x4b9c __etext
                0x00004b94        0x4 LONG 0x20001000 __data_start__
                0x00004b98        0x4 LONG 0x29 ((__data_end__ - __data_start__) / 0x4)
                0x00004b9c                __copy_table_end__ = .

.zero.table     0x00004b9c        0x0
                0x00004b9c                . = ALIGN (0x4)
                0x00004b9c                __zero_table_start__ = .
                0x00004b9c                __zero_table_end__ = .
                0x00004b9c                __etext = .
                0x20000000                . = ORIGIN (RAM)

.stack          0x20000000     0x1000
                0x20000000                __StackLimit = .
 *(.stack*)
 .stack         0x20000000     0x1000 ./gecko_sdk_4.1.4/platform/common/toolchain/src/sl_memory.o
                0x20001000                . = ALIGN (0x4)
                0x20001000                __StackTop = .
                0x20001000                PROVIDE (__stack = __StackTop)

.noinit
 *(.noinit*)

.data           0x20001000       0xa4 load address 0x00004b9c
                0x20001000                . = ALIGN (0x4)
                0x20001000                __data_start__ = .
 *(vtable)
 *(.data*)
 .data.s_addr7  0x20001000        0x1 ./ina228.o
 *fill*         0x20001001        0x3 
 .data.init_sensor
                0x20001004       0x14 ./autogen/sl_i2cspm_init.o
                0x20001004                init_sensor
 .data.sl_i2cspm_sensor
                0x20001018        0x4 ./autogen/sl_i2cspm_init.o
                0x20001018                sl_i2cspm_sensor
 .data.sl_iostream_vcom_handle
                0x2000101c        0x4 ./autogen/sl_iostream_init_eusart_instances.o
                0x2000101c                sl_iostream_vcom_handle
 .data.SystemCoreClock
                0x20001020        0x4 ./gecko_sdk_4.1.4/platform/Device/SiliconLabs/EFM32PG22/Source/system_efm32pg22.o
                0x20001020                SystemCoreClock
 .data.SystemHFRCODPLLClock
                0x20001024        0x4 ./gecko_sdk_4.1.4/platform/Device/SiliconLabs/EFM32PG22/Source/system_efm32pg22.o
 .data.SystemHFXOClock
                0x20001028        0x4 ./gecko_sdk_4.1.4/platform/Device/SiliconLabs/EFM32PG22/Source/system_efm32pg22.o
 .data.SystemLFXOClock
                0x2000102c        0x4 ./gecko_sdk_4.1.4/platform/Device/SiliconLabs/EFM32PG22/Source/system_efm32pg22.o
 .data.heap_end.0
                0x20001030        0x4 ./gecko_sdk_4.1.4/platform/common/toolchain/src/sl_memory.o
 .data.lfxo_precision
                0x20001034        0x2 ./gecko_sdk_4.1.4/platform/emlib/src/em_cmu.o
 *fill*         0x20001036        0x2 
 .data._impure_ptr
                0x20001038        0x4 c:/siliconlabs/simplicitystudio/v5/developer/toolchains/gnu_arm/10.3_2021.10/bin/../lib/gcc/arm-none-eabi/10.3.1/../../../../arm-none-eabi/lib/thumb/v8-m.main+fp/hard\libc_nano.a(lib_a-impure.o)
                0x20001038                _impure_ptr
 .data.impure_data
                0x2000103c       0x60 c:/siliconlabs/simplicitystudio/v5/developer/toolchains/gnu_arm/10.3_2021.10/bin/../lib/gcc/arm-none-eabi/10.3.1/../../../../arm-none-eabi/lib/thumb/v8-m.main+fp/hard\libc_nano.a(lib_a-impure.o)
                0x2000109c                . = ALIGN (0x4)
                [!provide]                PROVIDE (__ram_func_section_start = .)
 *(.ram)
                [!provide]                PROVIDE (__ram_func_section_end = .)
                0x2000109c                . = ALIGN (0x4)
                0x2000109c                PROVIDE (__preinit_array_start = .)
 *(.preinit_array)
                0x2000109c                PROVIDE (__preinit_array_end = .)
                0x2000109c                . = ALIGN (0x4)
                0x2000109c                PROVIDE (__init_array_start = .)
 *(SORT_BY_NAME(.init_array.*))
 *(.init_array)
 .init_array    0x2000109c        0x4 c:/siliconlabs/simplicitystudio/v5/developer/toolchains/gnu_arm/10.3_2021.10/bin/../lib/gcc/arm-none-eabi/10.3.1/thumb/v8-m.main+fp/hard/crtbegin.o
                0x200010a0                PROVIDE (__init_array_end = .)
                0x200010a0                . = ALIGN (0x4)
                [!provide]                PROVIDE (__fini_array_start = .)
 *(SORT_BY_NAME(.fini_array.*))
 *(.fini_array)
 .fini_array    0x200010a0        0x4 c:/siliconlabs/simplicitystudio/v5/developer/toolchains/gnu_arm/10.3_2021.10/bin/../lib/gcc/arm-none-eabi/10.3.1/thumb/v8-m.main+fp/hard/crtbegin.o
                [!provide]                PROVIDE (__fini_array_end = .)
                0x200010a4                . = ALIGN (0x4)
                0x200010a4                __data_end__ = .

.igot.plt       0x200010a4        0x0 load address 0x00004c40
 .igot.plt      0x200010a4        0x0 c:/siliconlabs/simplicitystudio/v5/developer/toolchains/gnu_arm/10.3_2021.10/bin/../lib/gcc/arm-none-eabi/10.3.1/thumb/v8-m.main+fp/hard/crtbegin.o

.bss            0x200010a4       0xe8 load address 0x00004c40
                0x200010a4                . = ALIGN (0x4)
                0x200010a4                __bss_start__ = .
 *(.bss*)
 .bss           0x200010a4       0x1c c:/siliconlabs/simplicitystudio/v5/developer/toolchains/gnu_arm/10.3_2021.10/bin/../lib/gcc/arm-none-eabi/10.3.1/thumb/v8-m.main+fp/hard/crtbegin.o
 .bss.s_current_lsb_a
                0x200010c0        0x4 ./ina228.o
 .bss.s_vcom_last_cyccnt
                0x200010c4        0x4 ./ina228.o
 .bss.s_vcom_period_cycles
                0x200010c8        0x4 ./ina228.o
 .bss.context_vcom
                0x200010cc       0x58 ./autogen/sl_iostream_init_eusart_instances.o
 .bss.rx_buffer_vcom
                0x20001124       0x20 ./autogen/sl_iostream_init_eusart_instances.o
 .bss.sl_iostream_vcom
                0x20001144       0x18 ./autogen/sl_iostream_init_eusart_instances.o
 .bss.ctuneDelta
                0x2000115c        0x1 ./gecko_sdk_4.1.4/platform/emlib/src/em_cmu.o
 .bss.vScaleEM01Config
                0x2000115d        0x1 ./gecko_sdk_4.1.4/platform/emlib/src/em_emu.o
 *fill*         0x2000115e        0x2 
 .bss.i2cTransfer
                0x20001160       0x18 ./gecko_sdk_4.1.4/platform/emlib/src/em_i2c.o
 .bss.sli_iostream_default
                0x20001178        0x4 ./gecko_sdk_4.1.4/platform/service/iostream/src/sl_iostream.o
 .bss.__lock___malloc_recursive_mutex
                0x2000117c        0x1 c:/siliconlabs/simplicitystudio/v5/developer/toolchains/gnu_arm/10.3_2021.10/bin/../lib/gcc/arm-none-eabi/10.3.1/../../../../arm-none-eabi/lib/thumb/v8-m.main+fp/hard\libc_nano.a(lib_a-lock.o)
                0x2000117c                __lock___malloc_recursive_mutex
 .bss.__lock___sfp_recursive_mutex
                0x2000117d        0x1 c:/siliconlabs/simplicitystudio/v5/developer/toolchains/gnu_arm/10.3_2021.10/bin/../lib/gcc/arm-none-eabi/10.3.1/../../../../arm-none-eabi/lib/thumb/v8-m.main+fp/hard\libc_nano.a(lib_a-lock.o)
                0x2000117d                __lock___sfp_recursive_mutex
 .bss.__lock___sinit_recursive_mutex
                0x2000117e        0x1 c:/siliconlabs/simplicitystudio/v5/developer/toolchains/gnu_arm/10.3_2021.10/bin/../lib/gcc/arm-none-eabi/10.3.1/../../../../arm-none-eabi/lib/thumb/v8-m.main+fp/hard\libc_nano.a(lib_a-lock.o)
                0x2000117e                __lock___sinit_recursive_mutex
 *fill*         0x2000117f        0x1 
 .bss.__malloc_free_list
                0x20001180        0x4 c:/siliconlabs/simplicitystudio/v5/developer/toolchains/gnu_arm/10.3_2021.10/bin/../lib/gcc/arm-none-eabi/10.3.1/../../../../arm-none-eabi/lib/thumb/v8-m.main+fp/hard\libc_nano.a(lib_a-nano-mallocr.o)
                0x20001180                __malloc_free_list
 .bss.__malloc_sbrk_start
                0x20001184        0x4 c:/siliconlabs/simplicitystudio/v5/developer/toolchains/gnu_arm/10.3_2021.10/bin/../lib/gcc/arm-none-eabi/10.3.1/../../../../arm-none-eabi/lib/thumb/v8-m.main+fp/hard\libc_nano.a(lib_a-nano-mallocr.o)
                0x20001184                __malloc_sbrk_start
 .bss.errno     0x20001188        0x4 c:/siliconlabs/simplicitystudio/v5/developer/toolchains/gnu_arm/10.3_2021.10/bin/../lib/gcc/arm-none-eabi/10.3.1/../../../../arm-none-eabi/lib/thumb/v8-m.main+fp/hard\libc_nano.a(lib_a-reent.o)
                0x20001188                errno
 *(COMMON)
                0x2000118c                . = ALIGN (0x4)
                0x2000118c                __bss_end__ = .

.heap           0x20001190     0x6e70
                0x20001190                __HeapBase = .
                0x20001190                __end__ = .
                0x20001190                end = __end__
                0x20001190                _end = __end__
 *(.heap*)
 .heap          0x20001190      0x800 ./gecko_sdk_4.1.4/platform/common/toolchain/src/sl_memory.o
                0x20008000                . = (ORIGIN (RAM) + LENGTH (RAM))
 *fill*         0x20001990     0x6670 
                0x20008000                __HeapLimit = .
                0x00006e70                __heap_size = (__HeapLimit - __HeapBase)
                0x0007e000                __main_flash_end__ = 0x7e000

.internal_storage
                0x00004b9c        0x0
 *(.internal_storage*)

.nvm            0x00004b9c        0x0
 *(.simee*)
                0x0007e000                linker_nvm_end = __main_flash_end__
                0x0007e000                linker_nvm_begin = (linker_nvm_end - SIZEOF (.nvm))
                0x00000000                linker_nvm_size = SIZEOF (.nvm)
                0x0007e000                linker_storage_end = linker_nvm_begin
                0x0007e000                __nvm3Base = linker_nvm_begin
                0x0007e000                linker_storage_begin = (linker_storage_end - SIZEOF (.internal_storage))
                0x00000000                linker_storage_size = SIZEOF (.internal_storage)
                0x00000001                ASSERT ((linker_storage_begin >= (__etext + SIZEOF (.data))), FLASH memory overflowed !)
OUTPUT(IN228_EFM32PG22_2.axf elf32-littlearm)
LOAD linker stubs

.ARM.attributes
                0x00000000       0x36
 .ARM.attributes
                0x00000000       0x22 c:/siliconlabs/simplicitystudio/v5/developer/toolchains/gnu_arm/10.3_2021.10/bin/../lib/gcc/arm-none-eabi/10.3.1/thumb/v8-m.main+fp/hard/crti.o
 .ARM.attributes
                0x00000022       0x38 c:/siliconlabs/simplicitystudio/v5/developer/toolchains/gnu_arm/10.3_2021.10/bin/../lib/gcc/arm-none-eabi/10.3.1/thumb/v8-m.main+fp/hard/crtbegin.o
 .ARM.attributes
                0x0000005a       0x20 c:/siliconlabs/simplicitystudio/v5/developer/toolchains/gnu_arm/10.3_2021.10/bin/../lib/gcc/arm-none-eabi/10.3.1/../../../../arm-none-eabi/lib/thumb/v8-m.main+fp/hard/crt0.o
 .ARM.attributes
                0x0000007a       0x3a ./app.o
 .ARM.attributes
                0x000000b4       0x3a ./ina228.o
 .ARM.attributes
                0x000000ee       0x3a ./main.o
 .ARM.attributes
                0x00000128       0x3a ./autogen/sl_board_default_init.o
 .ARM.attributes
                0x00000162       0x3a ./autogen/sl_device_init_clocks.o
 .ARM.attributes
                0x0000019c       0x3a ./autogen/sl_event_handler.o
 .ARM.attributes
                0x000001d6       0x3a ./autogen/sl_i2cspm_init.o
 .ARM.attributes
                0x00000210       0x3a ./autogen/sl_iostream_init_eusart_instances.o
 .ARM.attributes
                0x0000024a       0x3a ./gecko_sdk_4.1.4/hardware/board/src/sl_board_control_gpio.o
 .ARM.attributes
                0x00000284       0x3a ./gecko_sdk_4.1.4/hardware/board/src/sl_board_init.o
 .ARM.attributes
                0x000002be       0x3a ./gecko_sdk_4.1.4/hardware/driver/mx25_flash_shutdown/src/sl_mx25_flash_shutdown_usart/sl_mx25_flash_shutdown.o
 .ARM.attributes
                0x000002f8       0x3a ./gecko_sdk_4.1.4/platform/Device/SiliconLabs/EFM32PG22/Source/startup_efm32pg22.o
 .ARM.attributes
                0x00000332       0x3a ./gecko_sdk_4.1.4/platform/Device/SiliconLabs/EFM32PG22/Source/system_efm32pg22.o
 .ARM.attributes
                0x0000036c       0x3a ./gecko_sdk_4.1.4/platform/common/src/sl_assert.o
 .ARM.attributes
                0x000003a6       0x3a ./gecko_sdk_4.1.4/platform/common/toolchain/src/sl_memory.o
 .ARM.attributes
                0x000003e0       0x3a ./gecko_sdk_4.1.4/platform/driver/i2cspm/src/sl_i2cspm.o
 .ARM.attributes
                0x0000041a       0x3a ./gecko_sdk_4.1.4/platform/emlib/src/em_cmu.o
 .ARM.attributes
                0x00000454       0x3a ./gecko_sdk_4.1.4/platform/emlib/src/em_core.o
 .ARM.attributes
                0x0000048e       0x3a ./gecko_sdk_4.1.4/platform/emlib/src/em_emu.o
 .ARM.attributes
                0x000004c8       0x3a ./gecko_sdk_4.1.4/platform/emlib/src/em_eusart.o
 .ARM.attributes
                0x00000502       0x3a ./gecko_sdk_4.1.4/platform/emlib/src/em_gpio.o
 .ARM.attributes
                0x0000053c       0x3a ./gecko_sdk_4.1.4/platform/emlib/src/em_i2c.o
 .ARM.attributes
                0x00000576       0x3a ./gecko_sdk_4.1.4/platform/emlib/src/em_usart.o
 .ARM.attributes
                0x000005b0       0x3a ./gecko_sdk_4.1.4/platform/service/device_init/src/sl_device_init_dcdc_s2.o
 .ARM.attributes
                0x000005ea       0x3a ./gecko_sdk_4.1.4/platform/service/device_init/src/sl_device_init_emu_s2.o
 .ARM.attributes
                0x00000624       0x3a ./gecko_sdk_4.1.4/platform/service/device_init/src/sl_device_init_hfxo_s2.o
 .ARM.attributes
                0x0000065e       0x3a ./gecko_sdk_4.1.4/platform/service/device_init/src/sl_device_init_lfxo_s2.o
 .ARM.attributes
                0x00000698       0x3a ./gecko_sdk_4.1.4/platform/service/device_init/src/sl_device_init_nvic.o
 .ARM.attributes
                0x000006d2       0x3a ./gecko_sdk_4.1.4/platform/service/iostream/src/sl_iostream.o
 .ARM.attributes
                0x0000070c       0x3a ./gecko_sdk_4.1.4/platform/service/iostream/src/sl_iostream_eusart.o
 .ARM.attributes
                0x00000746       0x3a ./gecko_sdk_4.1.4/platform/service/iostream/src/sl_iostream_retarget_stdio.o
 .ARM.attributes
                0x00000780       0x3a ./gecko_sdk_4.1.4/platform/service/iostream/src/sl_iostream_stdlib_config.o
 .ARM.attributes
                0x000007ba       0x3a ./gecko_sdk_4.1.4/platform/service/iostream/src/sl_iostream_uart.o
 .ARM.attributes
                0x000007f4       0x3a ./gecko_sdk_4.1.4/platform/service/system/src/sl_system_init.o
 .ARM.attributes
                0x0000082e       0x3a ./gecko_sdk_4.1.4/platform/service/system/src/sl_system_process_action.o
 .ARM.attributes
                0x00000868       0x3a ./gecko_sdk_4.1.4/platform/service/udelay/src/sl_udelay.o
 .ARM.attributes
                0x000008a2       0x26 ./gecko_sdk_4.1.4/platform/service/udelay/src/sl_udelay_armv6m_gcc.o
 .ARM.attributes
                0x000008c8       0x38 c:/siliconlabs/simplicitystudio/v5/developer/toolchains/gnu_arm/10.3_2021.10/bin/../lib/gcc/arm-none-eabi/10.3.1/../../../../arm-none-eabi/lib/thumb/v8-m.main+fp/hard\libc_nano.a(lib_a-exit.o)
 .ARM.attributes
                0x00000900       0x38 c:/siliconlabs/simplicitystudio/v5/developer/toolchains/gnu_arm/10.3_2021.10/bin/../lib/gcc/arm-none-eabi/10.3.1/../../../../arm-none-eabi/lib/thumb/v8-m.main+fp/hard\libc_nano.a(lib_a-impure.o)
 .ARM.attributes
                0x00000938       0x38 c:/siliconlabs/simplicitystudio/v5/developer/toolchains/gnu_arm/10.3_2021.10/bin/../lib/gcc/arm-none-eabi/10.3.1/../../../../arm-none-eabi/lib/thumb/v8-m.main+fp/hard\libc_nano.a(lib_a-init.o)
 .ARM.attributes
                0x00000970       0x38 c:/siliconlabs/simplicitystudio/v5/developer/toolchains/gnu_arm/10.3_2021.10/bin/../lib/gcc/arm-none-eabi/10.3.1/../../../../arm-none-eabi/lib/thumb/v8-m.main+fp/hard\libc_nano.a(lib_a-memset.o)
 .ARM.attributes
                0x000009a8       0x38 c:/siliconlabs/simplicitystudio/v5/developer/toolchains/gnu_arm/10.3_2021.10/bin/../lib/gcc/arm-none-eabi/10.3.1/../../../../arm-none-eabi/lib/thumb/v8-m.main+fp/hard\libc_nano.a(lib_a-printf.o)
 .ARM.attributes
                0x000009e0       0x38 c:/siliconlabs/simplicitystudio/v5/developer/toolchains/gnu_arm/10.3_2021.10/bin/../lib/gcc/arm-none-eabi/10.3.1/../../../../arm-none-eabi/lib/thumb/v8-m.main+fp/hard\libc_nano.a(lib_a-setvbuf.o)
 .ARM.attributes
                0x00000a18       0x38 c:/siliconlabs/simplicitystudio/v5/developer/toolchains/gnu_arm/10.3_2021.10/bin/../lib/gcc/arm-none-eabi/10.3.1/../../../../arm-none-eabi/lib/thumb/v8-m.main+fp/hard\libc_nano.a(lib_a-fflush.o)
 .ARM.attributes
                0x00000a50       0x38 c:/siliconlabs/simplicitystudio/v5/developer/toolchains/gnu_arm/10.3_2021.10/bin/../lib/gcc/arm-none-eabi/10.3.1/../../../../arm-none-eabi/lib/thumb/v8-m.main+fp/hard\libc_nano.a(lib_a-findfp.o)
 .ARM.attributes
                0x00000a88       0x38 c:/siliconlabs/simplicitystudio/v5/developer/toolchains/gnu_arm/10.3_2021.10/bin/../lib/gcc/arm-none-eabi/10.3.1/../../../../arm-none-eabi/lib/thumb/v8-m.main+fp/hard\libc_nano.a(lib_a-fwalk.o)
 .ARM.attributes
                0x00000ac0       0x38 c:/siliconlabs/simplicitystudio/v5/developer/toolchains/gnu_arm/10.3_2021.10/bin/../lib/gcc/arm-none-eabi/10.3.1/../../../../arm-none-eabi/lib/thumb/v8-m.main+fp/hard\libc_nano.a(lib_a-lock.o)
 .ARM.attributes
                0x00000af8       0x38 c:/siliconlabs/simplicitystudio/v5/developer/toolchains/gnu_arm/10.3_2021.10/bin/../lib/gcc/arm-none-eabi/10.3.1/../../../../arm-none-eabi/lib/thumb/v8-m.main+fp/hard\libc_nano.a(lib_a-makebuf.o)
 .ARM.attributes
                0x00000b30       0x38 c:/siliconlabs/simplicitystudio/v5/developer/toolchains/gnu_arm/10.3_2021.10/bin/../lib/gcc/arm-none-eabi/10.3.1/../../../../arm-none-eabi/lib/thumb/v8-m.main+fp/hard\libc_nano.a(lib_a-malloc.o)
 .ARM.attributes
                0x00000b68       0x38 c:/siliconlabs/simplicitystudio/v5/developer/toolchains/gnu_arm/10.3_2021.10/bin/../lib/gcc/arm-none-eabi/10.3.1/../../../../arm-none-eabi/lib/thumb/v8-m.main+fp/hard\libc_nano.a(lib_a-nano-freer.o)
 .ARM.attributes
                0x00000ba0       0x38 c:/siliconlabs/simplicitystudio/v5/developer/toolchains/gnu_arm/10.3_2021.10/bin/../lib/gcc/arm-none-eabi/10.3.1/../../../../arm-none-eabi/lib/thumb/v8-m.main+fp/hard\libc_nano.a(lib_a-nano-mallocr.o)
 .ARM.attributes
                0x00000bd8       0x38 c:/siliconlabs/simplicitystudio/v5/developer/toolchains/gnu_arm/10.3_2021.10/bin/../lib/gcc/arm-none-eabi/10.3.1/../../../../arm-none-eabi/lib/thumb/v8-m.main+fp/hard\libc_nano.a(lib_a-nano-vfprintf.o)
 .ARM.attributes
                0x00000c10       0x38 c:/siliconlabs/simplicitystudio/v5/developer/toolchains/gnu_arm/10.3_2021.10/bin/../lib/gcc/arm-none-eabi/10.3.1/../../../../arm-none-eabi/lib/thumb/v8-m.main+fp/hard\libc_nano.a(lib_a-nano-vfprintf_i.o)
 .ARM.attributes
                0x00000c48       0x38 c:/siliconlabs/simplicitystudio/v5/developer/toolchains/gnu_arm/10.3_2021.10/bin/../lib/gcc/arm-none-eabi/10.3.1/../../../../arm-none-eabi/lib/thumb/v8-m.main+fp/hard\libc_nano.a(lib_a-sbrkr.o)
 .ARM.attributes
                0x00000c80       0x38 c:/siliconlabs/simplicitystudio/v5/developer/toolchains/gnu_arm/10.3_2021.10/bin/../lib/gcc/arm-none-eabi/10.3.1/../../../../arm-none-eabi/lib/thumb/v8-m.main+fp/hard\libc_nano.a(lib_a-stdio.o)
 .ARM.attributes
                0x00000cb8       0x38 c:/siliconlabs/simplicitystudio/v5/developer/toolchains/gnu_arm/10.3_2021.10/bin/../lib/gcc/arm-none-eabi/10.3.1/../../../../arm-none-eabi/lib/thumb/v8-m.main+fp/hard\libc_nano.a(lib_a-wbuf.o)
 .ARM.attributes
                0x00000cf0       0x38 c:/siliconlabs/simplicitystudio/v5/developer/toolchains/gnu_arm/10.3_2021.10/bin/../lib/gcc/arm-none-eabi/10.3.1/../../../../arm-none-eabi/lib/thumb/v8-m.main+fp/hard\libc_nano.a(lib_a-writer.o)
 .ARM.attributes
                0x00000d28       0x38 c:/siliconlabs/simplicitystudio/v5/developer/toolchains/gnu_arm/10.3_2021.10/bin/../lib/gcc/arm-none-eabi/10.3.1/../../../../arm-none-eabi/lib/thumb/v8-m.main+fp/hard\libc_nano.a(lib_a-wsetup.o)
 .ARM.attributes
                0x00000d60       0x38 c:/siliconlabs/simplicitystudio/v5/developer/toolchains/gnu_arm/10.3_2021.10/bin/../lib/gcc/arm-none-eabi/10.3.1/../../../../arm-none-eabi/lib/thumb/v8-m.main+fp/hard\libc_nano.a(lib_a-closer.o)
 .ARM.attributes
                0x00000d98       0x38 c:/siliconlabs/simplicitystudio/v5/developer/toolchains/gnu_arm/10.3_2021.10/bin/../lib/gcc/arm-none-eabi/10.3.1/../../../../arm-none-eabi/lib/thumb/v8-m.main+fp/hard\libc_nano.a(lib_a-fstatr.o)
 .ARM.attributes
                0x00000dd0       0x38 c:/siliconlabs/simplicitystudio/v5/developer/toolchains/gnu_arm/10.3_2021.10/bin/../lib/gcc/arm-none-eabi/10.3.1/../../../../arm-none-eabi/lib/thumb/v8-m.main+fp/hard\libc_nano.a(lib_a-isattyr.o)
 .ARM.attributes
                0x00000e08       0x38 c:/siliconlabs/simplicitystudio/v5/developer/toolchains/gnu_arm/10.3_2021.10/bin/../lib/gcc/arm-none-eabi/10.3.1/../../../../arm-none-eabi/lib/thumb/v8-m.main+fp/hard\libc_nano.a(lib_a-lseekr.o)
 .ARM.attributes
                0x00000e40       0x38 c:/siliconlabs/simplicitystudio/v5/developer/toolchains/gnu_arm/10.3_2021.10/bin/../lib/gcc/arm-none-eabi/10.3.1/../../../../arm-none-eabi/lib/thumb/v8-m.main+fp/hard\libc_nano.a(lib_a-memchr-stub.o)
 .ARM.attributes
                0x00000e78       0x38 c:/siliconlabs/simplicitystudio/v5/developer/toolchains/gnu_arm/10.3_2021.10/bin/../lib/gcc/arm-none-eabi/10.3.1/../../../../arm-none-eabi/lib/thumb/v8-m.main+fp/hard\libc_nano.a(lib_a-mlock.o)
 .ARM.attributes
                0x00000eb0       0x38 c:/siliconlabs/simplicitystudio/v5/developer/toolchains/gnu_arm/10.3_2021.10/bin/../lib/gcc/arm-none-eabi/10.3.1/../../../../arm-none-eabi/lib/thumb/v8-m.main+fp/hard\libc_nano.a(lib_a-readr.o)
 .ARM.attributes
                0x00000ee8       0x38 c:/siliconlabs/simplicitystudio/v5/developer/toolchains/gnu_arm/10.3_2021.10/bin/../lib/gcc/arm-none-eabi/10.3.1/../../../../arm-none-eabi/lib/thumb/v8-m.main+fp/hard\libc_nano.a(lib_a-reent.o)
 .ARM.attributes
                0x00000f20       0x38 c:/siliconlabs/simplicitystudio/v5/developer/toolchains/gnu_arm/10.3_2021.10/bin/../lib/gcc/arm-none-eabi/10.3.1/../../../../arm-none-eabi/lib/thumb/v8-m.main+fp/hard\libm.a(lib_a-sf_lrint.o)
 .ARM.attributes
                0x00000f58       0x22 c:/siliconlabs/simplicitystudio/v5/developer/toolchains/gnu_arm/10.3_2021.10/bin/../lib/gcc/arm-none-eabi/10.3.1/thumb/v8-m.main+fp/hard/crtn.o

.comment        0x00000000       0x49
 .comment       0x00000000       0x49 ./app.o
                                 0x4a (size before relaxing)
 .comment       0x00000049       0x4a ./ina228.o
 .comment       0x00000049       0x4a ./main.o
 .comment       0x00000049       0x4a ./autogen/sl_board_default_init.o
 .comment       0x00000049       0x4a ./autogen/sl_device_init_clocks.o
 .comment       0x00000049       0x4a ./autogen/sl_event_handler.o
 .comment       0x00000049       0x4a ./autogen/sl_i2cspm_init.o
 .comment       0x00000049       0x4a ./autogen/sl_iostream_init_eusart_instances.o
 .comment       0x00000049       0x4a ./gecko_sdk_4.1.4/hardware/board/src/sl_board_control_gpio.o
 .comment       0x00000049       0x4a ./gecko_sdk_4.1.4/hardware/board/src/sl_board_init.o
 .comment       0x00000049       0x4a ./gecko_sdk_4.1.4/hardware/driver/mx25_flash_shutdown/src/sl_mx25_flash_shutdown_usart/sl_mx25_flash_shutdown.o
 .comment       0x00000049       0x4a ./gecko_sdk_4.1.4/platform/Device/SiliconLabs/EFM32PG22/Source/startup_efm32pg22.o
 .comment       0x00000049       0x4a ./gecko_sdk_4.1.4/platform/Device/SiliconLabs/EFM32PG22/Source/system_efm32pg22.o
 .comment       0x00000049       0x4a ./gecko_sdk_4.1.4/platform/common/src/sl_assert.o
 .comment       0x00000049       0x4a ./gecko_sdk_4.1.4/platform/common/toolchain/src/sl_memory.o
 .comment       0x00000049       0x4a ./gecko_sdk_4.1.4/platform/driver/i2cspm/src/sl_i2cspm.o
 .comment       0x00000049       0x4a ./gecko_sdk_4.1.4/platform/emlib/src/em_cmu.o
 .comment       0x00000049       0x4a ./gecko_sdk_4.1.4/platform/emlib/src/em_core.o
 .comment       0x00000049       0x4a ./gecko_sdk_4.1.4/platform/emlib/src/em_emu.o
 .comment       0x00000049       0x4a ./gecko_sdk_4.1.4/platform/emlib/src/em_eusart.o
 .comment       0x00000049       0x4a ./gecko_sdk_4.1.4/platform/emlib/src/em_gpio.o
 .comment       0x00000049       0x4a ./gecko_sdk_4.1.4/platform/emlib/src/em_i2c.o
 .comment       0x00000049       0x4a ./gecko_sdk_4.1.4/platform/emlib/src/em_usart.o
 .comment       0x00000049       0x4a ./gecko_sdk_4.1.4/platform/service/device_init/src/sl_device_init_dcdc_s2.o
 .comment       0x00000049       0x4a ./gecko_sdk_4.1.4/platform/service/device_init/src/sl_device_init_emu_s2.o
 .comment       0x00000049       0x4a ./gecko_sdk_4.1.4/platform/service/device_init/src/sl_device_init_hfxo_s2.o
 .comment       0x00000049       0x4a ./gecko_sdk_4.1.4/platform/service/device_init/src/sl_device_init_lfxo_s2.o
 .comment       0x00000049       0x4a ./gecko_sdk_4.1.4/platform/service/device_init/src/sl_device_init_nvic.o
 .comment       0x00000049       0x4a ./gecko_sdk_4.1.4/platform/service/iostream/src/sl_iostream.o
 .comment       0x00000049       0x4a ./gecko_sdk_4.1.4/platform/service/iostream/src/sl_iostream_eusart.o
 .comment       0x00000049       0x4a ./gecko_sdk_4.1.4/platform/service/iostream/src/sl_iostream_retarget_stdio.o
 .comment       0x00000049       0x4a ./gecko_sdk_4.1.4/platform/service/iostream/src/sl_iostream_stdlib_config.o
 .comment       0x00000049       0x4a ./gecko_sdk_4.1.4/platform/service/iostream/src/sl_iostream_uart.o
 .comment       0x00000049       0x4a ./gecko_sdk_4.1.4/platform/service/system/src/sl_system_init.o
 .comment       0x00000049       0x4a ./gecko_sdk_4.1.4/platform/service/system/src/sl_system_process_action.o
 .comment       0x00000049       0x4a ./gecko_sdk_4.1.4/platform/service/udelay/src/sl_udelay.o

.debug_info     0x00000000    0x29758
 .debug_info    0x00000000       0xdd ./app.o
 .debug_info    0x000000dd     0x26bf ./ina228.o
 .debug_info    0x0000279c       0xad ./main.o
 .debug_info    0x00002849      0x10f ./autogen/sl_board_default_init.o
 .debug_info    0x00002958      0x386 ./autogen/sl_device_init_clocks.o
 .debug_info    0x00002cde     0x11df ./autogen/sl_event_handler.o
 .debug_info    0x00003ebd      0x841 ./autogen/sl_i2cspm_init.o
 .debug_info    0x000046fe     0x1394 ./autogen/sl_iostream_init_eusart_instances.o
 .debug_info    0x00005a92      0x46d ./gecko_sdk_4.1.4/hardware/board/src/sl_board_control_gpio.o
 .debug_info    0x00005eff      0x28f ./gecko_sdk_4.1.4/hardware/board/src/sl_board_init.o
 .debug_info    0x0000618e     0x1e92 ./gecko_sdk_4.1.4/hardware/driver/mx25_flash_shutdown/src/sl_mx25_flash_shutdown_usart/sl_mx25_flash_shutdown.o
 .debug_info    0x00008020      0x327 ./gecko_sdk_4.1.4/platform/Device/SiliconLabs/EFM32PG22/Source/startup_efm32pg22.o
 .debug_info    0x00008347     0x1e62 ./gecko_sdk_4.1.4/platform/Device/SiliconLabs/EFM32PG22/Source/system_efm32pg22.o
 .debug_info    0x0000a1a9       0x86 ./gecko_sdk_4.1.4/platform/common/src/sl_assert.o
 .debug_info    0x0000a22f      0x205 ./gecko_sdk_4.1.4/platform/common/toolchain/src/sl_memory.o
 .debug_info    0x0000a434     0x1bbd ./gecko_sdk_4.1.4/platform/driver/i2cspm/src/sl_i2cspm.o
 .debug_info    0x0000bff1     0x6d8a ./gecko_sdk_4.1.4/platform/emlib/src/em_cmu.o
 .debug_info    0x00012d7b     0x134e ./gecko_sdk_4.1.4/platform/emlib/src/em_core.o
 .debug_info    0x000140c9     0x370d ./gecko_sdk_4.1.4/platform/emlib/src/em_emu.o
 .debug_info    0x000177d6     0x3f9e ./gecko_sdk_4.1.4/platform/emlib/src/em_eusart.o
 .debug_info    0x0001b774     0x2003 ./gecko_sdk_4.1.4/platform/emlib/src/em_gpio.o
 .debug_info    0x0001d777     0x135f ./gecko_sdk_4.1.4/platform/emlib/src/em_i2c.o
 .debug_info    0x0001ead6     0x3c59 ./gecko_sdk_4.1.4/platform/emlib/src/em_usart.o
 .debug_info    0x0002272f      0x2a9 ./gecko_sdk_4.1.4/platform/service/device_init/src/sl_device_init_dcdc_s2.o
 .debug_info    0x000229d8      0x9a7 ./gecko_sdk_4.1.4/platform/service/device_init/src/sl_device_init_emu_s2.o
 .debug_info    0x0002337f      0x840 ./gecko_sdk_4.1.4/platform/service/device_init/src/sl_device_init_hfxo_s2.o
 .debug_info    0x00023bbf      0x271 ./gecko_sdk_4.1.4/platform/service/device_init/src/sl_device_init_lfxo_s2.o
 .debug_info    0x00023e30      0x7b9 ./gecko_sdk_4.1.4/platform/service/device_init/src/sl_device_init_nvic.o
 .debug_info    0x000245e9      0x561 ./gecko_sdk_4.1.4/platform/service/iostream/src/sl_iostream.o
 .debug_info    0x00024b4a     0x28b8 ./gecko_sdk_4.1.4/platform/service/iostream/src/sl_iostream_eusart.o
 .debug_info    0x00027402      0x5b7 ./gecko_sdk_4.1.4/platform/service/iostream/src/sl_iostream_retarget_stdio.o
 .debug_info    0x000279b9      0xa21 ./gecko_sdk_4.1.4/platform/service/iostream/src/sl_iostream_stdlib_config.o
 .debug_info    0x000283da     0x107b ./gecko_sdk_4.1.4/platform/service/iostream/src/sl_iostream_uart.o
 .debug_info    0x00029455       0xba ./gecko_sdk_4.1.4/platform/service/system/src/sl_system_init.o
 .debug_info    0x0002950f       0xa3 ./gecko_sdk_4.1.4/platform/service/system/src/sl_system_process_action.o
 .debug_info    0x000295b2      0x180 ./gecko_sdk_4.1.4/platform/service/udelay/src/sl_udelay.o
 .debug_info    0x00029732       0x26 ./gecko_sdk_4.1.4/platform/service/udelay/src/sl_udelay_armv6m_gcc.o

.debug_abbrev   0x00000000     0x4c84
 .debug_abbrev  0x00000000       0x6a ./app.o
 .debug_abbrev  0x0000006a      0x5d7 ./ina228.o
 .debug_abbrev  0x00000641       0x5e ./main.o
 .debug_abbrev  0x0000069f       0xa1 ./autogen/sl_board_default_init.o
 .debug_abbrev  0x00000740       0xc7 ./autogen/sl_device_init_clocks.o
 .debug_abbrev  0x00000807      0x1e4 ./autogen/sl_event_handler.o
 .debug_abbrev  0x000009eb      0x16b ./autogen/sl_i2cspm_init.o
 .debug_abbrev  0x00000b56      0x249 ./autogen/sl_iostream_init_eusart_instances.o
 .debug_abbrev  0x00000d9f      0x1a6 ./gecko_sdk_4.1.4/hardware/board/src/sl_board_control_gpio.o
 .debug_abbrev  0x00000f45       0xf3 ./gecko_sdk_4.1.4/hardware/board/src/sl_board_init.o
 .debug_abbrev  0x00001038      0x1fe ./gecko_sdk_4.1.4/hardware/driver/mx25_flash_shutdown/src/sl_mx25_flash_shutdown_usart/sl_mx25_flash_shutdown.o
 .debug_abbrev  0x00001236      0x1c9 ./gecko_sdk_4.1.4/platform/Device/SiliconLabs/EFM32PG22/Source/startup_efm32pg22.o
 .debug_abbrev  0x000013ff      0x325 ./gecko_sdk_4.1.4/platform/Device/SiliconLabs/EFM32PG22/Source/system_efm32pg22.o
 .debug_abbrev  0x00001724       0x6c ./gecko_sdk_4.1.4/platform/common/src/sl_assert.o
 .debug_abbrev  0x00001790      0x11e ./gecko_sdk_4.1.4/platform/common/toolchain/src/sl_memory.o
 .debug_abbrev  0x000018ae      0x27a ./gecko_sdk_4.1.4/platform/driver/i2cspm/src/sl_i2cspm.o
 .debug_abbrev  0x00001b28      0x538 ./gecko_sdk_4.1.4/platform/emlib/src/em_cmu.o
 .debug_abbrev  0x00002060      0x318 ./gecko_sdk_4.1.4/platform/emlib/src/em_core.o
 .debug_abbrev  0x00002378      0x4e2 ./gecko_sdk_4.1.4/platform/emlib/src/em_emu.o
 .debug_abbrev  0x0000285a      0x404 ./gecko_sdk_4.1.4/platform/emlib/src/em_eusart.o
 .debug_abbrev  0x00002c5e      0x328 ./gecko_sdk_4.1.4/platform/emlib/src/em_gpio.o
 .debug_abbrev  0x00002f86      0x423 ./gecko_sdk_4.1.4/platform/emlib/src/em_i2c.o
 .debug_abbrev  0x000033a9      0x336 ./gecko_sdk_4.1.4/platform/emlib/src/em_usart.o
 .debug_abbrev  0x000036df       0xe0 ./gecko_sdk_4.1.4/platform/service/device_init/src/sl_device_init_dcdc_s2.o
 .debug_abbrev  0x000037bf      0x13a ./gecko_sdk_4.1.4/platform/service/device_init/src/sl_device_init_emu_s2.o
 .debug_abbrev  0x000038f9      0x171 ./gecko_sdk_4.1.4/platform/service/device_init/src/sl_device_init_hfxo_s2.o
 .debug_abbrev  0x00003a6a       0xef ./gecko_sdk_4.1.4/platform/service/device_init/src/sl_device_init_lfxo_s2.o
 .debug_abbrev  0x00003b59      0x144 ./gecko_sdk_4.1.4/platform/service/device_init/src/sl_device_init_nvic.o
 .debug_abbrev  0x00003c9d      0x237 ./gecko_sdk_4.1.4/platform/service/iostream/src/sl_iostream.o
 .debug_abbrev  0x00003ed4      0x3cd ./gecko_sdk_4.1.4/platform/service/iostream/src/sl_iostream_eusart.o
 .debug_abbrev  0x000042a1      0x198 ./gecko_sdk_4.1.4/platform/service/iostream/src/sl_iostream_retarget_stdio.o
 .debug_abbrev  0x00004439      0x1cc ./gecko_sdk_4.1.4/platform/service/iostream/src/sl_iostream_stdlib_config.o
 .debug_abbrev  0x00004605      0x4bc ./gecko_sdk_4.1.4/platform/service/iostream/src/sl_iostream_uart.o
 .debug_abbrev  0x00004ac1       0x5f ./gecko_sdk_4.1.4/platform/service/system/src/sl_system_init.o
 .debug_abbrev  0x00004b20       0x5f ./gecko_sdk_4.1.4/platform/service/system/src/sl_system_process_action.o
 .debug_abbrev  0x00004b7f       0xf1 ./gecko_sdk_4.1.4/platform/service/udelay/src/sl_udelay.o
 .debug_abbrev  0x00004c70       0x14 ./gecko_sdk_4.1.4/platform/service/udelay/src/sl_udelay_armv6m_gcc.o

.debug_aranges  0x00000000      0xb60
 .debug_aranges
                0x00000000       0x28 ./app.o
 .debug_aranges
                0x00000028       0xb0 ./ina228.o
 .debug_aranges
                0x000000d8       0x20 ./main.o
 .debug_aranges
                0x000000f8       0x20 ./autogen/sl_board_default_init.o
 .debug_aranges
                0x00000118       0x20 ./autogen/sl_device_init_clocks.o
 .debug_aranges
                0x00000138       0x40 ./autogen/sl_event_handler.o
 .debug_aranges
                0x00000178       0x20 ./autogen/sl_i2cspm_init.o
 .debug_aranges
                0x00000198       0x30 ./autogen/sl_iostream_init_eusart_instances.o
 .debug_aranges
                0x000001c8       0x50 ./gecko_sdk_4.1.4/hardware/board/src/sl_board_control_gpio.o
 .debug_aranges
                0x00000218       0x28 ./gecko_sdk_4.1.4/hardware/board/src/sl_board_init.o
 .debug_aranges
                0x00000240       0x30 ./gecko_sdk_4.1.4/hardware/driver/mx25_flash_shutdown/src/sl_mx25_flash_shutdown_usart/sl_mx25_flash_shutdown.o
 .debug_aranges
                0x00000270       0x28 ./gecko_sdk_4.1.4/platform/Device/SiliconLabs/EFM32PG22/Source/startup_efm32pg22.o
 .debug_aranges
                0x00000298       0x88 ./gecko_sdk_4.1.4/platform/Device/SiliconLabs/EFM32PG22/Source/system_efm32pg22.o
 .debug_aranges
                0x00000320       0x20 ./gecko_sdk_4.1.4/platform/common/src/sl_assert.o
 .debug_aranges
                0x00000340       0x30 ./gecko_sdk_4.1.4/platform/common/toolchain/src/sl_memory.o
 .debug_aranges
                0x00000370       0x28 ./gecko_sdk_4.1.4/platform/driver/i2cspm/src/sl_i2cspm.o
 .debug_aranges
                0x00000398      0x148 ./gecko_sdk_4.1.4/platform/emlib/src/em_cmu.o
 .debug_aranges
                0x000004e0       0xe8 ./gecko_sdk_4.1.4/platform/emlib/src/em_core.o
 .debug_aranges
                0x000005c8       0xf8 ./gecko_sdk_4.1.4/platform/emlib/src/em_emu.o
 .debug_aranges
                0x000006c0       0xa0 ./gecko_sdk_4.1.4/platform/emlib/src/em_eusart.o
 .debug_aranges
                0x00000760       0x68 ./gecko_sdk_4.1.4/platform/emlib/src/em_gpio.o
 .debug_aranges
                0x000007c8       0x50 ./gecko_sdk_4.1.4/platform/emlib/src/em_i2c.o
 .debug_aranges
                0x00000818       0xb8 ./gecko_sdk_4.1.4/platform/emlib/src/em_usart.o
 .debug_aranges
                0x000008d0       0x20 ./gecko_sdk_4.1.4/platform/service/device_init/src/sl_device_init_dcdc_s2.o
 .debug_aranges
                0x000008f0       0x20 ./gecko_sdk_4.1.4/platform/service/device_init/src/sl_device_init_emu_s2.o
 .debug_aranges
                0x00000910       0x20 ./gecko_sdk_4.1.4/platform/service/device_init/src/sl_device_init_hfxo_s2.o
 .debug_aranges
                0x00000930       0x20 ./gecko_sdk_4.1.4/platform/service/device_init/src/sl_device_init_lfxo_s2.o
 .debug_aranges
                0x00000950       0x20 ./gecko_sdk_4.1.4/platform/service/device_init/src/sl_device_init_nvic.o
 .debug_aranges
                0x00000970       0x50 ./gecko_sdk_4.1.4/platform/service/iostream/src/sl_iostream.o
 .debug_aranges
                0x000009c0       0x40 ./gecko_sdk_4.1.4/platform/service/iostream/src/sl_iostream_eusart.o
 .debug_aranges
                0x00000a00       0x60 ./gecko_sdk_4.1.4/platform/service/iostream/src/sl_iostream_retarget_stdio.o
 .debug_aranges
                0x00000a60       0x20 ./gecko_sdk_4.1.4/platform/service/iostream/src/sl_iostream_stdlib_config.o
 .debug_aranges
                0x00000a80       0x60 ./gecko_sdk_4.1.4/platform/service/iostream/src/sl_iostream_uart.o
 .debug_aranges
                0x00000ae0       0x20 ./gecko_sdk_4.1.4/platform/service/system/src/sl_system_init.o
 .debug_aranges